Serviço Iniciado - 2022-08-04 17:23:43,747 - INFO 
Status - 2022-08-04 17:23:43,752 - INFO 
I0 - 2022-08-04 17:23:43,752 - INFO 
I1 - 2022-08-04 17:23:43,752 - INFO 
O0 - 2022-08-04 17:23:43,752 - INFO 
O1 - 2022-08-04 17:23:43,752 - INFO 
Status - 2022-08-04 17:23:44,758 - INFO 
I0 - 2022-08-04 17:23:44,758 - INFO 
I1 - 2022-08-04 17:23:44,758 - INFO 
O0 - 2022-08-04 17:23:44,758 - INFO 
O1 - 2022-08-04 17:23:44,758 - INFO 
Status - 2022-08-04 17:23:45,772 - INFO 
I0 - 2022-08-04 17:23:45,772 - INFO 
I1 - 2022-08-04 17:23:45,772 - INFO 
O0 - 2022-08-04 17:23:45,772 - INFO 
O1 - 2022-08-04 17:23:45,773 - INFO 
Status - 2022-08-04 17:23:46,780 - INFO 
I0 - 2022-08-04 17:23:46,780 - INFO 
I1 - 2022-08-04 17:23:46,780 - INFO 
O0 - 2022-08-04 17:23:46,781 - INFO 
O1 - 2022-08-04 17:23:46,781 - INFO 
Status - 2022-08-04 17:23:47,787 - INFO 
I0 - 2022-08-04 17:23:47,787 - INFO 
I1 - 2022-08-04 17:23:47,787 - INFO 
O0 - 2022-08-04 17:23:47,787 - INFO 
O1 - 2022-08-04 17:23:47,787 - INFO 
Status - 2022-08-04 17:23:48,791 - INFO 
I0 - 2022-08-04 17:23:48,791 - INFO 
I1 - 2022-08-04 17:23:48,791 - INFO 
O0 - 2022-08-04 17:23:48,791 - INFO 
O1 - 2022-08-04 17:23:48,791 - INFO 
Status - 2022-08-04 17:23:49,798 - INFO 
I0 - 2022-08-04 17:23:49,798 - INFO 
I1 - 2022-08-04 17:23:49,798 - INFO 
O0 - 2022-08-04 17:23:49,798 - INFO 
O1 - 2022-08-04 17:23:49,798 - INFO 
Status - 2022-08-04 17:23:50,812 - INFO 
I0 - 2022-08-04 17:23:50,812 - INFO 
I1 - 2022-08-04 17:23:50,812 - INFO 
O0 - 2022-08-04 17:23:50,812 - INFO 
O1 - 2022-08-04 17:23:50,812 - INFO 
Status - 2022-08-04 17:23:51,823 - INFO 
I0 - 2022-08-04 17:23:51,823 - INFO 
I1 - 2022-08-04 17:23:51,823 - INFO 
O0 - 2022-08-04 17:23:51,823 - INFO 
O1 - 2022-08-04 17:23:51,823 - INFO 
Status - 2022-08-04 17:23:52,835 - INFO 
I0 - 2022-08-04 17:23:52,835 - INFO 
I1 - 2022-08-04 17:23:52,835 - INFO 
O0 - 2022-08-04 17:23:52,836 - INFO 
O1 - 2022-08-04 17:23:52,836 - INFO 
Status - 2022-08-04 17:23:53,850 - INFO 
I0 - 2022-08-04 17:23:53,850 - INFO 
I1 - 2022-08-04 17:23:53,850 - INFO 
O0 - 2022-08-04 17:23:53,851 - INFO 
O1 - 2022-08-04 17:23:53,851 - INFO 
Status - 2022-08-04 17:23:54,863 - INFO 
I0 - 2022-08-04 17:23:54,863 - INFO 
I1 - 2022-08-04 17:23:54,863 - INFO 
O0 - 2022-08-04 17:23:54,863 - INFO 
O1 - 2022-08-04 17:23:54,863 - INFO 
Status - 2022-08-04 17:23:55,876 - INFO 
I0 - 2022-08-04 17:23:55,876 - INFO 
I1 - 2022-08-04 17:23:55,876 - INFO 
O0 - 2022-08-04 17:23:55,876 - INFO 
O1 - 2022-08-04 17:23:55,876 - INFO 
Status - 2022-08-04 17:23:56,879 - INFO 
I0 - 2022-08-04 17:23:56,879 - INFO 
I1 - 2022-08-04 17:23:56,879 - INFO 
O0 - 2022-08-04 17:23:56,879 - INFO 
O1 - 2022-08-04 17:23:56,879 - INFO 
Status - 2022-08-04 17:23:57,891 - INFO 
I0 - 2022-08-04 17:23:57,892 - INFO 
I1 - 2022-08-04 17:23:57,892 - INFO 
O0 - 2022-08-04 17:23:57,892 - INFO 
O1 - 2022-08-04 17:23:57,892 - INFO 
Status - 2022-08-04 17:23:58,903 - INFO 
I0 - 2022-08-04 17:23:58,903 - INFO 
I1 - 2022-08-04 17:23:58,903 - INFO 
O0 - 2022-08-04 17:23:58,903 - INFO 
O1 - 2022-08-04 17:23:58,903 - INFO 
Status - 2022-08-04 17:23:59,915 - INFO 
I0 - 2022-08-04 17:23:59,915 - INFO 
I1 - 2022-08-04 17:23:59,915 - INFO 
O0 - 2022-08-04 17:23:59,915 - INFO 
O1 - 2022-08-04 17:23:59,915 - INFO 
Status - 2022-08-04 17:24:00,919 - INFO 
I0 - 2022-08-04 17:24:00,920 - INFO 
I1 - 2022-08-04 17:24:00,920 - INFO 
O0 - 2022-08-04 17:24:00,920 - INFO 
O1 - 2022-08-04 17:24:00,920 - INFO 
Status - 2022-08-04 17:24:01,928 - INFO 
I0 - 2022-08-04 17:24:01,928 - INFO 
I1 - 2022-08-04 17:24:01,928 - INFO 
O0 - 2022-08-04 17:24:01,928 - INFO 
O1 - 2022-08-04 17:24:01,928 - INFO 
Status - 2022-08-04 17:24:02,938 - INFO 
I0 - 2022-08-04 17:24:02,938 - INFO 
I1 - 2022-08-04 17:24:02,939 - INFO 
O0 - 2022-08-04 17:24:02,939 - INFO 
O1 - 2022-08-04 17:24:02,939 - INFO 
Status - 2022-08-04 17:24:03,952 - INFO 
I0 - 2022-08-04 17:24:03,952 - INFO 
I1 - 2022-08-04 17:24:03,952 - INFO 
O0 - 2022-08-04 17:24:03,952 - INFO 
O1 - 2022-08-04 17:24:03,953 - INFO 
Status - 2022-08-04 17:24:04,962 - INFO 
I0 - 2022-08-04 17:24:04,962 - INFO 
I1 - 2022-08-04 17:24:04,963 - INFO 
O0 - 2022-08-04 17:24:04,963 - INFO 
O1 - 2022-08-04 17:24:04,963 - INFO 
Status - 2022-08-04 17:24:05,977 - INFO 
I0 - 2022-08-04 17:24:05,978 - INFO 
I1 - 2022-08-04 17:24:05,978 - INFO 
O0 - 2022-08-04 17:24:05,978 - INFO 
O1 - 2022-08-04 17:24:05,978 - INFO 
Status - 2022-08-04 17:24:06,981 - INFO 
I0 - 2022-08-04 17:24:06,981 - INFO 
I1 - 2022-08-04 17:24:06,981 - INFO 
O0 - 2022-08-04 17:24:06,981 - INFO 
O1 - 2022-08-04 17:24:06,981 - INFO 
Status - 2022-08-04 17:24:07,983 - INFO 
I0 - 2022-08-04 17:24:07,983 - INFO 
I1 - 2022-08-04 17:24:07,983 - INFO 
O0 - 2022-08-04 17:24:07,983 - INFO 
O1 - 2022-08-04 17:24:07,983 - INFO 
Status - 2022-08-04 17:24:08,997 - INFO 
I0 - 2022-08-04 17:24:08,997 - INFO 
I1 - 2022-08-04 17:24:08,997 - INFO 
O0 - 2022-08-04 17:24:08,997 - INFO 
O1 - 2022-08-04 17:24:08,997 - INFO 
Status - 2022-08-04 17:24:10,006 - INFO 
I0 - 2022-08-04 17:24:10,006 - INFO 
I1 - 2022-08-04 17:24:10,007 - INFO 
O0 - 2022-08-04 17:24:10,007 - INFO 
O1 - 2022-08-04 17:24:10,007 - INFO 
Status - 2022-08-04 17:24:11,021 - INFO 
I0 - 2022-08-04 17:24:11,021 - INFO 
I1 - 2022-08-04 17:24:11,021 - INFO 
O0 - 2022-08-04 17:24:11,021 - INFO 
O1 - 2022-08-04 17:24:11,022 - INFO 
Status - 2022-08-04 17:24:12,035 - INFO 
I0 - 2022-08-04 17:24:12,035 - INFO 
I1 - 2022-08-04 17:24:12,035 - INFO 
O0 - 2022-08-04 17:24:12,035 - INFO 
O1 - 2022-08-04 17:24:12,035 - INFO 
Status - 2022-08-04 17:24:13,037 - INFO 
I0 - 2022-08-04 17:24:13,037 - INFO 
I1 - 2022-08-04 17:24:13,037 - INFO 
O0 - 2022-08-04 17:24:13,037 - INFO 
O1 - 2022-08-04 17:24:13,037 - INFO 
Status - 2022-08-04 17:24:14,048 - INFO 
I0 - 2022-08-04 17:24:14,049 - INFO 
I1 - 2022-08-04 17:24:14,049 - INFO 
O0 - 2022-08-04 17:24:14,049 - INFO 
O1 - 2022-08-04 17:24:14,049 - INFO 
Status - 2022-08-04 17:24:15,057 - INFO 
I0 - 2022-08-04 17:24:15,057 - INFO 
I1 - 2022-08-04 17:24:15,058 - INFO 
O0 - 2022-08-04 17:24:15,058 - INFO 
O1 - 2022-08-04 17:24:15,058 - INFO 
Status - 2022-08-04 17:24:16,072 - INFO 
I0 - 2022-08-04 17:24:16,072 - INFO 
I1 - 2022-08-04 17:24:16,072 - INFO 
O0 - 2022-08-04 17:24:16,072 - INFO 
O1 - 2022-08-04 17:24:16,072 - INFO 
Status - 2022-08-04 17:24:17,082 - INFO 
I0 - 2022-08-04 17:24:17,082 - INFO 
I1 - 2022-08-04 17:24:17,082 - INFO 
O0 - 2022-08-04 17:24:17,082 - INFO 
O1 - 2022-08-04 17:24:17,083 - INFO 
Status - 2022-08-04 17:24:18,091 - INFO 
I0 - 2022-08-04 17:24:18,091 - INFO 
I1 - 2022-08-04 17:24:18,091 - INFO 
O0 - 2022-08-04 17:24:18,091 - INFO 
O1 - 2022-08-04 17:24:18,092 - INFO 
Status - 2022-08-04 17:24:19,104 - INFO 
I0 - 2022-08-04 17:24:19,104 - INFO 
I1 - 2022-08-04 17:24:19,104 - INFO 
O0 - 2022-08-04 17:24:19,104 - INFO 
O1 - 2022-08-04 17:24:19,104 - INFO 
Status - 2022-08-04 17:24:20,114 - INFO 
I0 - 2022-08-04 17:24:20,114 - INFO 
I1 - 2022-08-04 17:24:20,114 - INFO 
O0 - 2022-08-04 17:24:20,114 - INFO 
O1 - 2022-08-04 17:24:20,114 - INFO 
Status - 2022-08-04 17:24:21,124 - INFO 
I0 - 2022-08-04 17:24:21,125 - INFO 
I1 - 2022-08-04 17:24:21,125 - INFO 
O0 - 2022-08-04 17:24:21,125 - INFO 
O1 - 2022-08-04 17:24:21,125 - INFO 
Status - 2022-08-04 17:24:22,132 - INFO 
I0 - 2022-08-04 17:24:22,132 - INFO 
I1 - 2022-08-04 17:24:22,132 - INFO 
O0 - 2022-08-04 17:24:22,132 - INFO 
O1 - 2022-08-04 17:24:22,132 - INFO 
Status - 2022-08-04 17:24:23,144 - INFO 
I0 - 2022-08-04 17:24:23,144 - INFO 
I1 - 2022-08-04 17:24:23,144 - INFO 
O0 - 2022-08-04 17:24:23,144 - INFO 
O1 - 2022-08-04 17:24:23,145 - INFO 
Status - 2022-08-04 17:24:24,148 - INFO 
I0 - 2022-08-04 17:24:24,148 - INFO 
I1 - 2022-08-04 17:24:24,148 - INFO 
O0 - 2022-08-04 17:24:24,149 - INFO 
O1 - 2022-08-04 17:24:24,149 - INFO 
Status - 2022-08-04 17:24:25,163 - INFO 
I0 - 2022-08-04 17:24:25,163 - INFO 
I1 - 2022-08-04 17:24:25,163 - INFO 
O0 - 2022-08-04 17:24:25,164 - INFO 
O1 - 2022-08-04 17:24:25,164 - INFO 
Status - 2022-08-04 17:24:26,173 - INFO 
I0 - 2022-08-04 17:24:26,173 - INFO 
I1 - 2022-08-04 17:24:26,174 - INFO 
O0 - 2022-08-04 17:24:26,174 - INFO 
O1 - 2022-08-04 17:24:26,174 - INFO 
Status - 2022-08-04 17:24:27,189 - INFO 
I0 - 2022-08-04 17:24:27,190 - INFO 
I1 - 2022-08-04 17:24:27,190 - INFO 
O0 - 2022-08-04 17:24:27,190 - INFO 
O1 - 2022-08-04 17:24:27,190 - INFO 
Status - 2022-08-04 17:24:28,202 - INFO 
I0 - 2022-08-04 17:24:28,202 - INFO 
I1 - 2022-08-04 17:24:28,202 - INFO 
O0 - 2022-08-04 17:24:28,202 - INFO 
O1 - 2022-08-04 17:24:28,202 - INFO 
Status - 2022-08-04 17:24:29,211 - INFO 
I0 - 2022-08-04 17:24:29,211 - INFO 
I1 - 2022-08-04 17:24:29,212 - INFO 
O0 - 2022-08-04 17:24:29,212 - INFO 
O1 - 2022-08-04 17:24:29,212 - INFO 
Status - 2022-08-04 17:24:30,221 - INFO 
I0 - 2022-08-04 17:24:30,221 - INFO 
I1 - 2022-08-04 17:24:30,221 - INFO 
O0 - 2022-08-04 17:24:30,221 - INFO 
O1 - 2022-08-04 17:24:30,221 - INFO 
Status - 2022-08-04 17:24:31,235 - INFO 
I0 - 2022-08-04 17:24:31,236 - INFO 
I1 - 2022-08-04 17:24:31,236 - INFO 
O0 - 2022-08-04 17:24:31,236 - INFO 
O1 - 2022-08-04 17:24:31,236 - INFO 
Status - 2022-08-04 17:24:32,246 - INFO 
I0 - 2022-08-04 17:24:32,246 - INFO 
I1 - 2022-08-04 17:24:32,246 - INFO 
O0 - 2022-08-04 17:24:32,246 - INFO 
O1 - 2022-08-04 17:24:32,247 - INFO 
Status - 2022-08-04 17:24:33,259 - INFO 
I0 - 2022-08-04 17:24:33,259 - INFO 
I1 - 2022-08-04 17:24:33,259 - INFO 
O0 - 2022-08-04 17:24:33,259 - INFO 
O1 - 2022-08-04 17:24:33,259 - INFO 
Status - 2022-08-04 17:24:34,269 - INFO 
I0 - 2022-08-04 17:24:34,269 - INFO 
I1 - 2022-08-04 17:24:34,269 - INFO 
O0 - 2022-08-04 17:24:34,269 - INFO 
O1 - 2022-08-04 17:24:34,269 - INFO 
Status - 2022-08-04 17:24:35,283 - INFO 
I0 - 2022-08-04 17:24:35,283 - INFO 
I1 - 2022-08-04 17:24:35,283 - INFO 
O0 - 2022-08-04 17:24:35,284 - INFO 
O1 - 2022-08-04 17:24:35,284 - INFO 
Status - 2022-08-04 17:24:36,296 - INFO 
I0 - 2022-08-04 17:24:36,296 - INFO 
I1 - 2022-08-04 17:24:36,297 - INFO 
O0 - 2022-08-04 17:24:36,297 - INFO 
O1 - 2022-08-04 17:24:36,297 - INFO 
Status - 2022-08-04 17:24:37,311 - INFO 
I0 - 2022-08-04 17:24:37,311 - INFO 
I1 - 2022-08-04 17:24:37,312 - INFO 
O0 - 2022-08-04 17:24:37,312 - INFO 
O1 - 2022-08-04 17:24:37,312 - INFO 
Status - 2022-08-04 17:24:38,314 - INFO 
I0 - 2022-08-04 17:24:38,314 - INFO 
I1 - 2022-08-04 17:24:38,314 - INFO 
O0 - 2022-08-04 17:24:38,314 - INFO 
O1 - 2022-08-04 17:24:38,314 - INFO 
Status - 2022-08-04 17:24:39,327 - INFO 
I0 - 2022-08-04 17:24:39,328 - INFO 
I1 - 2022-08-04 17:24:39,328 - INFO 
O0 - 2022-08-04 17:24:39,328 - INFO 
O1 - 2022-08-04 17:24:39,328 - INFO 
Status - 2022-08-04 17:24:40,338 - INFO 
I0 - 2022-08-04 17:24:40,338 - INFO 
I1 - 2022-08-04 17:24:40,338 - INFO 
O0 - 2022-08-04 17:24:40,338 - INFO 
O1 - 2022-08-04 17:24:40,338 - INFO 
Status - 2022-08-04 17:24:41,350 - INFO 
I0 - 2022-08-04 17:24:41,351 - INFO 
I1 - 2022-08-04 17:24:41,351 - INFO 
O0 - 2022-08-04 17:24:41,351 - INFO 
O1 - 2022-08-04 17:24:41,351 - INFO 
Status - 2022-08-04 17:24:42,365 - INFO 
I0 - 2022-08-04 17:24:42,365 - INFO 
I1 - 2022-08-04 17:24:42,365 - INFO 
O0 - 2022-08-04 17:24:42,365 - INFO 
O1 - 2022-08-04 17:24:42,365 - INFO 
Status - 2022-08-04 17:24:43,378 - INFO 
I0 - 2022-08-04 17:24:43,379 - INFO 
I1 - 2022-08-04 17:24:43,379 - INFO 
O0 - 2022-08-04 17:24:43,379 - INFO 
O1 - 2022-08-04 17:24:43,379 - INFO 
Status - 2022-08-04 17:24:44,386 - INFO 
I0 - 2022-08-04 17:24:44,386 - INFO 
I1 - 2022-08-04 17:24:44,386 - INFO 
O0 - 2022-08-04 17:24:44,386 - INFO 
O1 - 2022-08-04 17:24:44,386 - INFO 
Status - 2022-08-04 17:24:45,401 - INFO 
I0 - 2022-08-04 17:24:45,401 - INFO 
I1 - 2022-08-04 17:24:45,401 - INFO 
O0 - 2022-08-04 17:24:45,401 - INFO 
O1 - 2022-08-04 17:24:45,401 - INFO 
Status - 2022-08-04 17:24:46,417 - INFO 
I0 - 2022-08-04 17:24:46,417 - INFO 
I1 - 2022-08-04 17:24:46,417 - INFO 
O0 - 2022-08-04 17:24:46,417 - INFO 
O1 - 2022-08-04 17:24:46,418 - INFO 
Status - 2022-08-04 17:24:47,432 - INFO 
I0 - 2022-08-04 17:24:47,432 - INFO 
I1 - 2022-08-04 17:24:47,432 - INFO 
O0 - 2022-08-04 17:24:47,433 - INFO 
O1 - 2022-08-04 17:24:47,433 - INFO 
Status - 2022-08-04 17:24:48,434 - INFO 
I0 - 2022-08-04 17:24:48,435 - INFO 
I1 - 2022-08-04 17:24:48,435 - INFO 
O0 - 2022-08-04 17:24:48,435 - INFO 
O1 - 2022-08-04 17:24:48,435 - INFO 
Status - 2022-08-04 17:24:49,435 - INFO 
I0 - 2022-08-04 17:24:49,436 - INFO 
I1 - 2022-08-04 17:24:49,436 - INFO 
O0 - 2022-08-04 17:24:49,436 - INFO 
O1 - 2022-08-04 17:24:49,436 - INFO 
Status - 2022-08-04 17:24:50,443 - INFO 
I0 - 2022-08-04 17:24:50,443 - INFO 
I1 - 2022-08-04 17:24:50,443 - INFO 
O0 - 2022-08-04 17:24:50,443 - INFO 
O1 - 2022-08-04 17:24:50,443 - INFO 
Status - 2022-08-04 17:24:51,447 - INFO 
I0 - 2022-08-04 17:24:51,447 - INFO 
I1 - 2022-08-04 17:24:51,447 - INFO 
O0 - 2022-08-04 17:24:51,447 - INFO 
O1 - 2022-08-04 17:24:51,447 - INFO 
Status - 2022-08-04 17:24:52,453 - INFO 
I0 - 2022-08-04 17:24:52,453 - INFO 
I1 - 2022-08-04 17:24:52,453 - INFO 
O0 - 2022-08-04 17:24:52,454 - INFO 
O1 - 2022-08-04 17:24:52,454 - INFO 
Status - 2022-08-04 17:24:53,464 - INFO 
I0 - 2022-08-04 17:24:53,464 - INFO 
I1 - 2022-08-04 17:24:53,464 - INFO 
O0 - 2022-08-04 17:24:53,464 - INFO 
O1 - 2022-08-04 17:24:53,464 - INFO 
Status - 2022-08-04 17:24:54,476 - INFO 
I0 - 2022-08-04 17:24:54,476 - INFO 
I1 - 2022-08-04 17:24:54,476 - INFO 
O0 - 2022-08-04 17:24:54,476 - INFO 
O1 - 2022-08-04 17:24:54,476 - INFO 
Status - 2022-08-04 17:24:55,486 - INFO 
I0 - 2022-08-04 17:24:55,487 - INFO 
I1 - 2022-08-04 17:24:55,487 - INFO 
O0 - 2022-08-04 17:24:55,487 - INFO 
O1 - 2022-08-04 17:24:55,487 - INFO 
Status - 2022-08-04 17:24:56,501 - INFO 
I0 - 2022-08-04 17:24:56,501 - INFO 
I1 - 2022-08-04 17:24:56,501 - INFO 
O0 - 2022-08-04 17:24:56,501 - INFO 
O1 - 2022-08-04 17:24:56,501 - INFO 
Status - 2022-08-04 17:24:57,513 - INFO 
I0 - 2022-08-04 17:24:57,513 - INFO 
I1 - 2022-08-04 17:24:57,513 - INFO 
O0 - 2022-08-04 17:24:57,513 - INFO 
O1 - 2022-08-04 17:24:57,513 - INFO 
Status - 2022-08-04 17:24:58,526 - INFO 
I0 - 2022-08-04 17:24:58,526 - INFO 
I1 - 2022-08-04 17:24:58,526 - INFO 
O0 - 2022-08-04 17:24:58,526 - INFO 
O1 - 2022-08-04 17:24:58,526 - INFO 
Status - 2022-08-04 17:24:59,538 - INFO 
I0 - 2022-08-04 17:24:59,538 - INFO 
I1 - 2022-08-04 17:24:59,538 - INFO 
O0 - 2022-08-04 17:24:59,538 - INFO 
O1 - 2022-08-04 17:24:59,539 - INFO 
Status - 2022-08-04 17:25:00,552 - INFO 
I0 - 2022-08-04 17:25:00,552 - INFO 
I1 - 2022-08-04 17:25:00,552 - INFO 
O0 - 2022-08-04 17:25:00,552 - INFO 
O1 - 2022-08-04 17:25:00,552 - INFO 
Status - 2022-08-04 17:25:01,563 - INFO 
I0 - 2022-08-04 17:25:01,563 - INFO 
I1 - 2022-08-04 17:25:01,563 - INFO 
O0 - 2022-08-04 17:25:01,563 - INFO 
O1 - 2022-08-04 17:25:01,563 - INFO 
Status - 2022-08-04 17:25:02,577 - INFO 
I0 - 2022-08-04 17:25:02,577 - INFO 
I1 - 2022-08-04 17:25:02,577 - INFO 
O0 - 2022-08-04 17:25:02,578 - INFO 
O1 - 2022-08-04 17:25:02,578 - INFO 
Status - 2022-08-04 17:25:03,593 - INFO 
I0 - 2022-08-04 17:25:03,593 - INFO 
I1 - 2022-08-04 17:25:03,593 - INFO 
O0 - 2022-08-04 17:25:03,593 - INFO 
O1 - 2022-08-04 17:25:03,593 - INFO 
Status - 2022-08-04 17:25:04,600 - INFO 
I0 - 2022-08-04 17:25:04,601 - INFO 
I1 - 2022-08-04 17:25:04,601 - INFO 
O0 - 2022-08-04 17:25:04,601 - INFO 
O1 - 2022-08-04 17:25:04,601 - INFO 
Status - 2022-08-04 17:25:05,613 - INFO 
I0 - 2022-08-04 17:25:05,613 - INFO 
I1 - 2022-08-04 17:25:05,613 - INFO 
O0 - 2022-08-04 17:25:05,614 - INFO 
O1 - 2022-08-04 17:25:05,614 - INFO 
Status - 2022-08-04 17:25:06,622 - INFO 
I0 - 2022-08-04 17:25:06,622 - INFO 
I1 - 2022-08-04 17:25:06,622 - INFO 
O0 - 2022-08-04 17:25:06,622 - INFO 
O1 - 2022-08-04 17:25:06,624 - INFO 
Status - 2022-08-04 17:25:07,636 - INFO 
I0 - 2022-08-04 17:25:07,636 - INFO 
I1 - 2022-08-04 17:25:07,636 - INFO 
O0 - 2022-08-04 17:25:07,636 - INFO 
O1 - 2022-08-04 17:25:07,636 - INFO 
Status - 2022-08-04 17:25:08,638 - INFO 
I0 - 2022-08-04 17:25:08,639 - INFO 
I1 - 2022-08-04 17:25:08,639 - INFO 
O0 - 2022-08-04 17:25:08,639 - INFO 
O1 - 2022-08-04 17:25:08,639 - INFO 
Status - 2022-08-04 17:25:09,649 - INFO 
I0 - 2022-08-04 17:25:09,650 - INFO 
I1 - 2022-08-04 17:25:09,650 - INFO 
O0 - 2022-08-04 17:25:09,650 - INFO 
O1 - 2022-08-04 17:25:09,650 - INFO 
Status - 2022-08-04 17:25:10,663 - INFO 
I0 - 2022-08-04 17:25:10,663 - INFO 
I1 - 2022-08-04 17:25:10,663 - INFO 
O0 - 2022-08-04 17:25:10,663 - INFO 
O1 - 2022-08-04 17:25:10,663 - INFO 
Status - 2022-08-04 17:25:11,666 - INFO 
I0 - 2022-08-04 17:25:11,666 - INFO 
I1 - 2022-08-04 17:25:11,666 - INFO 
O0 - 2022-08-04 17:25:11,666 - INFO 
O1 - 2022-08-04 17:25:11,666 - INFO 
Status - 2022-08-04 17:25:12,679 - INFO 
I0 - 2022-08-04 17:25:12,679 - INFO 
I1 - 2022-08-04 17:25:12,679 - INFO 
O0 - 2022-08-04 17:25:12,679 - INFO 
O1 - 2022-08-04 17:25:12,679 - INFO 
Status - 2022-08-04 17:25:13,693 - INFO 
I0 - 2022-08-04 17:25:13,694 - INFO 
I1 - 2022-08-04 17:25:13,694 - INFO 
O0 - 2022-08-04 17:25:13,694 - INFO 
O1 - 2022-08-04 17:25:13,694 - INFO 
Status - 2022-08-04 17:25:14,702 - INFO 
I0 - 2022-08-04 17:25:14,703 - INFO 
I1 - 2022-08-04 17:25:14,703 - INFO 
O0 - 2022-08-04 17:25:14,703 - INFO 
O1 - 2022-08-04 17:25:14,703 - INFO 
Status - 2022-08-04 17:25:15,714 - INFO 
I0 - 2022-08-04 17:25:15,714 - INFO 
I1 - 2022-08-04 17:25:15,714 - INFO 
O0 - 2022-08-04 17:25:15,714 - INFO 
O1 - 2022-08-04 17:25:15,714 - INFO 
Status - 2022-08-04 17:25:16,718 - INFO 
I0 - 2022-08-04 17:25:16,718 - INFO 
I1 - 2022-08-04 17:25:16,718 - INFO 
O0 - 2022-08-04 17:25:16,718 - INFO 
O1 - 2022-08-04 17:25:16,718 - INFO 
Status - 2022-08-04 17:25:17,719 - INFO 
I0 - 2022-08-04 17:25:17,719 - INFO 
I1 - 2022-08-04 17:25:17,719 - INFO 
O0 - 2022-08-04 17:25:17,719 - INFO 
O1 - 2022-08-04 17:25:17,719 - INFO 
Status - 2022-08-04 17:25:18,722 - INFO 
I0 - 2022-08-04 17:25:18,722 - INFO 
I1 - 2022-08-04 17:25:18,722 - INFO 
O0 - 2022-08-04 17:25:18,722 - INFO 
O1 - 2022-08-04 17:25:18,722 - INFO 
Status - 2022-08-04 17:25:19,728 - INFO 
I0 - 2022-08-04 17:25:19,728 - INFO 
I1 - 2022-08-04 17:25:19,728 - INFO 
O0 - 2022-08-04 17:25:19,728 - INFO 
O1 - 2022-08-04 17:25:19,729 - INFO 
Status - 2022-08-04 17:25:20,743 - INFO 
I0 - 2022-08-04 17:25:20,743 - INFO 
I1 - 2022-08-04 17:25:20,743 - INFO 
O0 - 2022-08-04 17:25:20,743 - INFO 
O1 - 2022-08-04 17:25:20,743 - INFO 
Status - 2022-08-04 17:25:21,748 - INFO 
I0 - 2022-08-04 17:25:21,749 - INFO 
I1 - 2022-08-04 17:25:21,749 - INFO 
O0 - 2022-08-04 17:25:21,749 - INFO 
O1 - 2022-08-04 17:25:21,749 - INFO 
Status - 2022-08-04 17:25:22,761 - INFO 
I0 - 2022-08-04 17:25:22,761 - INFO 
I1 - 2022-08-04 17:25:22,761 - INFO 
O0 - 2022-08-04 17:25:22,761 - INFO 
O1 - 2022-08-04 17:25:22,761 - INFO 
Status - 2022-08-04 17:25:23,772 - INFO 
I0 - 2022-08-04 17:25:23,772 - INFO 
I1 - 2022-08-04 17:25:23,772 - INFO 
O0 - 2022-08-04 17:25:23,772 - INFO 
O1 - 2022-08-04 17:25:23,772 - INFO 
Status - 2022-08-04 17:25:24,784 - INFO 
I0 - 2022-08-04 17:25:24,784 - INFO 
I1 - 2022-08-04 17:25:24,785 - INFO 
O0 - 2022-08-04 17:25:24,785 - INFO 
O1 - 2022-08-04 17:25:24,785 - INFO 
Status - 2022-08-04 17:25:25,795 - INFO 
I0 - 2022-08-04 17:25:25,795 - INFO 
I1 - 2022-08-04 17:25:25,795 - INFO 
O0 - 2022-08-04 17:25:25,795 - INFO 
O1 - 2022-08-04 17:25:25,795 - INFO 
Status - 2022-08-04 17:25:26,804 - INFO 
I0 - 2022-08-04 17:25:26,804 - INFO 
I1 - 2022-08-04 17:25:26,804 - INFO 
O0 - 2022-08-04 17:25:26,804 - INFO 
O1 - 2022-08-04 17:25:26,804 - INFO 
Status - 2022-08-04 17:25:27,817 - INFO 
I0 - 2022-08-04 17:25:27,817 - INFO 
I1 - 2022-08-04 17:25:27,817 - INFO 
O0 - 2022-08-04 17:25:27,818 - INFO 
O1 - 2022-08-04 17:25:27,818 - INFO 
Status - 2022-08-04 17:25:28,830 - INFO 
I0 - 2022-08-04 17:25:28,830 - INFO 
I1 - 2022-08-04 17:25:28,830 - INFO 
O0 - 2022-08-04 17:25:28,830 - INFO 
O1 - 2022-08-04 17:25:28,830 - INFO 
Status - 2022-08-04 17:25:29,842 - INFO 
I0 - 2022-08-04 17:25:29,842 - INFO 
I1 - 2022-08-04 17:25:29,842 - INFO 
O0 - 2022-08-04 17:25:29,842 - INFO 
O1 - 2022-08-04 17:25:29,842 - INFO 
Status - 2022-08-04 17:25:30,853 - INFO 
I0 - 2022-08-04 17:25:30,854 - INFO 
I1 - 2022-08-04 17:25:30,854 - INFO 
O0 - 2022-08-04 17:25:30,854 - INFO 
O1 - 2022-08-04 17:25:30,854 - INFO 
Status - 2022-08-04 17:25:31,868 - INFO 
I0 - 2022-08-04 17:25:31,868 - INFO 
I1 - 2022-08-04 17:25:31,868 - INFO 
O0 - 2022-08-04 17:25:31,868 - INFO 
O1 - 2022-08-04 17:25:31,869 - INFO 
Status - 2022-08-04 17:25:32,881 - INFO 
I0 - 2022-08-04 17:25:32,882 - INFO 
I1 - 2022-08-04 17:25:32,882 - INFO 
O0 - 2022-08-04 17:25:32,882 - INFO 
O1 - 2022-08-04 17:25:32,882 - INFO 
Status - 2022-08-04 17:25:33,896 - INFO 
I0 - 2022-08-04 17:25:33,896 - INFO 
I1 - 2022-08-04 17:25:33,896 - INFO 
O0 - 2022-08-04 17:25:33,897 - INFO 
O1 - 2022-08-04 17:25:33,897 - INFO 
Status - 2022-08-04 17:25:34,900 - INFO 
I0 - 2022-08-04 17:25:34,900 - INFO 
I1 - 2022-08-04 17:25:34,900 - INFO 
O0 - 2022-08-04 17:25:34,900 - INFO 
O1 - 2022-08-04 17:25:34,900 - INFO 
Status - 2022-08-04 17:25:35,914 - INFO 
I0 - 2022-08-04 17:25:35,914 - INFO 
I1 - 2022-08-04 17:25:35,914 - INFO 
O0 - 2022-08-04 17:25:35,914 - INFO 
O1 - 2022-08-04 17:25:35,914 - INFO 
Status - 2022-08-04 17:25:36,929 - INFO 
I0 - 2022-08-04 17:25:36,930 - INFO 
I1 - 2022-08-04 17:25:36,930 - INFO 
O0 - 2022-08-04 17:25:36,930 - INFO 
O1 - 2022-08-04 17:25:36,930 - INFO 
Status - 2022-08-04 17:25:37,938 - INFO 
I0 - 2022-08-04 17:25:37,938 - INFO 
I1 - 2022-08-04 17:25:37,938 - INFO 
O0 - 2022-08-04 17:25:37,938 - INFO 
O1 - 2022-08-04 17:25:37,939 - INFO 
Status - 2022-08-04 17:25:38,951 - INFO 
I0 - 2022-08-04 17:25:38,951 - INFO 
I1 - 2022-08-04 17:25:38,952 - INFO 
O0 - 2022-08-04 17:25:38,952 - INFO 
O1 - 2022-08-04 17:25:38,952 - INFO 
Status - 2022-08-04 17:25:39,960 - INFO 
I0 - 2022-08-04 17:25:39,960 - INFO 
I1 - 2022-08-04 17:25:39,960 - INFO 
O0 - 2022-08-04 17:25:39,960 - INFO 
O1 - 2022-08-04 17:25:39,960 - INFO 
Status - 2022-08-04 17:25:40,974 - INFO 
I0 - 2022-08-04 17:25:40,975 - INFO 
I1 - 2022-08-04 17:25:40,975 - INFO 
O0 - 2022-08-04 17:25:40,975 - INFO 
O1 - 2022-08-04 17:25:40,975 - INFO 
Status - 2022-08-04 17:25:41,988 - INFO 
I0 - 2022-08-04 17:25:41,989 - INFO 
I1 - 2022-08-04 17:25:41,989 - INFO 
O0 - 2022-08-04 17:25:41,989 - INFO 
O1 - 2022-08-04 17:25:41,989 - INFO 
Status - 2022-08-04 17:25:42,998 - INFO 
I0 - 2022-08-04 17:25:42,998 - INFO 
I1 - 2022-08-04 17:25:42,998 - INFO 
O0 - 2022-08-04 17:25:42,998 - INFO 
O1 - 2022-08-04 17:25:42,998 - INFO 
Status - 2022-08-04 17:25:44,013 - INFO 
I0 - 2022-08-04 17:25:44,013 - INFO 
I1 - 2022-08-04 17:25:44,013 - INFO 
O0 - 2022-08-04 17:25:44,013 - INFO 
O1 - 2022-08-04 17:25:44,013 - INFO 
Status - 2022-08-04 17:25:45,016 - INFO 
I0 - 2022-08-04 17:25:45,017 - INFO 
I1 - 2022-08-04 17:25:45,017 - INFO 
O0 - 2022-08-04 17:25:45,017 - INFO 
O1 - 2022-08-04 17:25:45,017 - INFO 
Status - 2022-08-04 17:25:46,031 - INFO 
I0 - 2022-08-04 17:25:46,031 - INFO 
I1 - 2022-08-04 17:25:46,031 - INFO 
O0 - 2022-08-04 17:25:46,031 - INFO 
O1 - 2022-08-04 17:25:46,031 - INFO 
Status - 2022-08-04 17:25:47,031 - INFO 
I0 - 2022-08-04 17:25:47,031 - INFO 
I1 - 2022-08-04 17:25:47,031 - INFO 
O0 - 2022-08-04 17:25:47,031 - INFO 
O1 - 2022-08-04 17:25:47,031 - INFO 
Status - 2022-08-04 17:25:48,043 - INFO 
I0 - 2022-08-04 17:25:48,044 - INFO 
I1 - 2022-08-04 17:25:48,044 - INFO 
O0 - 2022-08-04 17:25:48,044 - INFO 
O1 - 2022-08-04 17:25:48,044 - INFO 
Status - 2022-08-04 17:25:49,056 - INFO 
I0 - 2022-08-04 17:25:49,056 - INFO 
I1 - 2022-08-04 17:25:49,056 - INFO 
O0 - 2022-08-04 17:25:49,057 - INFO 
O1 - 2022-08-04 17:25:49,057 - INFO 
Status - 2022-08-04 17:25:50,062 - INFO 
I0 - 2022-08-04 17:25:50,062 - INFO 
I1 - 2022-08-04 17:25:50,063 - INFO 
O0 - 2022-08-04 17:25:50,063 - INFO 
O1 - 2022-08-04 17:25:50,063 - INFO 
Status - 2022-08-04 17:25:51,078 - INFO 
I0 - 2022-08-04 17:25:51,078 - INFO 
I1 - 2022-08-04 17:25:51,078 - INFO 
O0 - 2022-08-04 17:25:51,078 - INFO 
O1 - 2022-08-04 17:25:51,078 - INFO 
Status - 2022-08-04 17:25:52,090 - INFO 
I0 - 2022-08-04 17:25:52,090 - INFO 
I1 - 2022-08-04 17:25:52,090 - INFO 
O0 - 2022-08-04 17:25:52,090 - INFO 
O1 - 2022-08-04 17:25:52,090 - INFO 
Status - 2022-08-04 17:25:53,101 - INFO 
I0 - 2022-08-04 17:25:53,101 - INFO 
I1 - 2022-08-04 17:25:53,101 - INFO 
O0 - 2022-08-04 17:25:53,101 - INFO 
O1 - 2022-08-04 17:25:53,101 - INFO 
Status - 2022-08-04 17:25:54,105 - INFO 
I0 - 2022-08-04 17:25:54,105 - INFO 
I1 - 2022-08-04 17:25:54,105 - INFO 
O0 - 2022-08-04 17:25:54,105 - INFO 
O1 - 2022-08-04 17:25:54,105 - INFO 
Status - 2022-08-04 17:25:55,109 - INFO 
I0 - 2022-08-04 17:25:55,110 - INFO 
I1 - 2022-08-04 17:25:55,110 - INFO 
O0 - 2022-08-04 17:25:55,110 - INFO 
O1 - 2022-08-04 17:25:55,110 - INFO 
Status - 2022-08-04 17:25:56,113 - INFO 
I0 - 2022-08-04 17:25:56,113 - INFO 
I1 - 2022-08-04 17:25:56,113 - INFO 
O0 - 2022-08-04 17:25:56,113 - INFO 
O1 - 2022-08-04 17:25:56,113 - INFO 
Status - 2022-08-04 17:25:57,126 - INFO 
I0 - 2022-08-04 17:25:57,127 - INFO 
I1 - 2022-08-04 17:25:57,127 - INFO 
O0 - 2022-08-04 17:25:57,127 - INFO 
O1 - 2022-08-04 17:25:57,127 - INFO 
Status - 2022-08-04 17:25:58,127 - INFO 
I0 - 2022-08-04 17:25:58,127 - INFO 
I1 - 2022-08-04 17:25:58,127 - INFO 
O0 - 2022-08-04 17:25:58,127 - INFO 
O1 - 2022-08-04 17:25:58,128 - INFO 
Status - 2022-08-04 17:25:59,138 - INFO 
I0 - 2022-08-04 17:25:59,139 - INFO 
I1 - 2022-08-04 17:25:59,139 - INFO 
O0 - 2022-08-04 17:25:59,139 - INFO 
O1 - 2022-08-04 17:25:59,139 - INFO 
Status - 2022-08-04 17:26:00,150 - INFO 
I0 - 2022-08-04 17:26:00,151 - INFO 
I1 - 2022-08-04 17:26:00,151 - INFO 
O0 - 2022-08-04 17:26:00,151 - INFO 
O1 - 2022-08-04 17:26:00,151 - INFO 
Status - 2022-08-04 17:26:01,151 - INFO 
I0 - 2022-08-04 17:26:01,151 - INFO 
I1 - 2022-08-04 17:26:01,151 - INFO 
O0 - 2022-08-04 17:26:01,151 - INFO 
O1 - 2022-08-04 17:26:01,151 - INFO 
Status - 2022-08-04 17:26:02,160 - INFO 
I0 - 2022-08-04 17:26:02,160 - INFO 
I1 - 2022-08-04 17:26:02,160 - INFO 
O0 - 2022-08-04 17:26:02,160 - INFO 
O1 - 2022-08-04 17:26:02,161 - INFO 
Status - 2022-08-04 17:26:03,172 - INFO 
I0 - 2022-08-04 17:26:03,172 - INFO 
I1 - 2022-08-04 17:26:03,173 - INFO 
O0 - 2022-08-04 17:26:03,173 - INFO 
O1 - 2022-08-04 17:26:03,173 - INFO 
Status - 2022-08-04 17:26:04,181 - INFO 
I0 - 2022-08-04 17:26:04,181 - INFO 
I1 - 2022-08-04 17:26:04,181 - INFO 
O0 - 2022-08-04 17:26:04,182 - INFO 
O1 - 2022-08-04 17:26:04,182 - INFO 
Status - 2022-08-04 17:26:05,183 - INFO 
I0 - 2022-08-04 17:26:05,184 - INFO 
I1 - 2022-08-04 17:26:05,184 - INFO 
O0 - 2022-08-04 17:26:05,184 - INFO 
O1 - 2022-08-04 17:26:05,184 - INFO 
Status - 2022-08-04 17:26:06,199 - INFO 
I0 - 2022-08-04 17:26:06,200 - INFO 
I1 - 2022-08-04 17:26:06,200 - INFO 
O0 - 2022-08-04 17:26:06,200 - INFO 
O1 - 2022-08-04 17:26:06,200 - INFO 
Status - 2022-08-04 17:26:07,211 - INFO 
I0 - 2022-08-04 17:26:07,211 - INFO 
I1 - 2022-08-04 17:26:07,211 - INFO 
O0 - 2022-08-04 17:26:07,211 - INFO 
O1 - 2022-08-04 17:26:07,211 - INFO 
Status - 2022-08-04 17:26:08,222 - INFO 
I0 - 2022-08-04 17:26:08,222 - INFO 
I1 - 2022-08-04 17:26:08,222 - INFO 
O0 - 2022-08-04 17:26:08,222 - INFO 
O1 - 2022-08-04 17:26:08,222 - INFO 
Status - 2022-08-04 17:26:09,235 - INFO 
I0 - 2022-08-04 17:26:09,236 - INFO 
I1 - 2022-08-04 17:26:09,236 - INFO 
O0 - 2022-08-04 17:26:09,236 - INFO 
O1 - 2022-08-04 17:26:09,236 - INFO 
Status - 2022-08-04 17:26:10,247 - INFO 
I0 - 2022-08-04 17:26:10,247 - INFO 
I1 - 2022-08-04 17:26:10,247 - INFO 
O0 - 2022-08-04 17:26:10,247 - INFO 
O1 - 2022-08-04 17:26:10,247 - INFO 
Status - 2022-08-04 17:26:11,262 - INFO 
I0 - 2022-08-04 17:26:11,262 - INFO 
I1 - 2022-08-04 17:26:11,262 - INFO 
O0 - 2022-08-04 17:26:11,262 - INFO 
O1 - 2022-08-04 17:26:11,262 - INFO 
Status - 2022-08-04 17:26:12,277 - INFO 
I0 - 2022-08-04 17:26:12,277 - INFO 
I1 - 2022-08-04 17:26:12,277 - INFO 
O0 - 2022-08-04 17:26:12,277 - INFO 
O1 - 2022-08-04 17:26:12,277 - INFO 
Status - 2022-08-04 17:26:13,292 - INFO 
I0 - 2022-08-04 17:26:13,292 - INFO 
I1 - 2022-08-04 17:26:13,292 - INFO 
O0 - 2022-08-04 17:26:13,292 - INFO 
O1 - 2022-08-04 17:26:13,292 - INFO 
Status - 2022-08-04 17:26:14,307 - INFO 
I0 - 2022-08-04 17:26:14,307 - INFO 
I1 - 2022-08-04 17:26:14,307 - INFO 
O0 - 2022-08-04 17:26:14,307 - INFO 
O1 - 2022-08-04 17:26:14,307 - INFO 
Status - 2022-08-04 17:26:15,316 - INFO 
I0 - 2022-08-04 17:26:15,316 - INFO 
I1 - 2022-08-04 17:26:15,316 - INFO 
O0 - 2022-08-04 17:26:15,316 - INFO 
O1 - 2022-08-04 17:26:15,316 - INFO 
Status - 2022-08-04 17:26:16,329 - INFO 
I0 - 2022-08-04 17:26:16,329 - INFO 
I1 - 2022-08-04 17:26:16,329 - INFO 
O0 - 2022-08-04 17:26:16,330 - INFO 
O1 - 2022-08-04 17:26:16,330 - INFO 
Status - 2022-08-04 17:26:17,344 - INFO 
I0 - 2022-08-04 17:26:17,344 - INFO 
I1 - 2022-08-04 17:26:17,344 - INFO 
O0 - 2022-08-04 17:26:17,344 - INFO 
O1 - 2022-08-04 17:26:17,345 - INFO 
Status - 2022-08-04 17:26:18,358 - INFO 
I0 - 2022-08-04 17:26:18,358 - INFO 
I1 - 2022-08-04 17:26:18,359 - INFO 
O0 - 2022-08-04 17:26:18,359 - INFO 
O1 - 2022-08-04 17:26:18,359 - INFO 
Status - 2022-08-04 17:26:19,363 - INFO 
I0 - 2022-08-04 17:26:19,363 - INFO 
I1 - 2022-08-04 17:26:19,363 - INFO 
O0 - 2022-08-04 17:26:19,363 - INFO 
O1 - 2022-08-04 17:26:19,363 - INFO 
Status - 2022-08-04 17:26:20,369 - INFO 
I0 - 2022-08-04 17:26:20,370 - INFO 
I1 - 2022-08-04 17:26:20,370 - INFO 
O0 - 2022-08-04 17:26:20,370 - INFO 
O1 - 2022-08-04 17:26:20,370 - INFO 
Status - 2022-08-04 17:26:21,380 - INFO 
I0 - 2022-08-04 17:26:21,381 - INFO 
I1 - 2022-08-04 17:26:21,381 - INFO 
O0 - 2022-08-04 17:26:21,381 - INFO 
O1 - 2022-08-04 17:26:21,381 - INFO 
Status - 2022-08-04 17:26:22,394 - INFO 
I0 - 2022-08-04 17:26:22,394 - INFO 
I1 - 2022-08-04 17:26:22,394 - INFO 
O0 - 2022-08-04 17:26:22,394 - INFO 
O1 - 2022-08-04 17:26:22,394 - INFO 
Status - 2022-08-04 17:26:23,401 - INFO 
I0 - 2022-08-04 17:26:23,401 - INFO 
I1 - 2022-08-04 17:26:23,402 - INFO 
O0 - 2022-08-04 17:26:23,402 - INFO 
O1 - 2022-08-04 17:26:23,402 - INFO 
Status - 2022-08-04 17:26:24,413 - INFO 
I0 - 2022-08-04 17:26:24,414 - INFO 
I1 - 2022-08-04 17:26:24,414 - INFO 
O0 - 2022-08-04 17:26:24,414 - INFO 
O1 - 2022-08-04 17:26:24,414 - INFO 
Status - 2022-08-04 17:26:25,421 - INFO 
I0 - 2022-08-04 17:26:25,421 - INFO 
I1 - 2022-08-04 17:26:25,421 - INFO 
O0 - 2022-08-04 17:26:25,421 - INFO 
O1 - 2022-08-04 17:26:25,421 - INFO 
Status - 2022-08-04 17:26:26,424 - INFO 
I0 - 2022-08-04 17:26:26,424 - INFO 
I1 - 2022-08-04 17:26:26,424 - INFO 
O0 - 2022-08-04 17:26:26,424 - INFO 
O1 - 2022-08-04 17:26:26,425 - INFO 
Status - 2022-08-04 17:26:27,432 - INFO 
I0 - 2022-08-04 17:26:27,433 - INFO 
I1 - 2022-08-04 17:26:27,434 - INFO 
O0 - 2022-08-04 17:26:27,435 - INFO 
O1 - 2022-08-04 17:26:27,435 - INFO 
Status - 2022-08-04 17:26:28,442 - INFO 
I0 - 2022-08-04 17:26:28,442 - INFO 
I1 - 2022-08-04 17:26:28,442 - INFO 
O0 - 2022-08-04 17:26:28,442 - INFO 
O1 - 2022-08-04 17:26:28,442 - INFO 
Status - 2022-08-04 17:26:29,451 - INFO 
I0 - 2022-08-04 17:26:29,452 - INFO 
I1 - 2022-08-04 17:26:29,452 - INFO 
O0 - 2022-08-04 17:26:29,452 - INFO 
O1 - 2022-08-04 17:26:29,452 - INFO 
Status - 2022-08-04 17:26:30,459 - INFO 
I0 - 2022-08-04 17:26:30,459 - INFO 
I1 - 2022-08-04 17:26:30,459 - INFO 
O0 - 2022-08-04 17:26:30,459 - INFO 
O1 - 2022-08-04 17:26:30,459 - INFO 
Status - 2022-08-04 17:26:31,466 - INFO 
I0 - 2022-08-04 17:26:31,467 - INFO 
I1 - 2022-08-04 17:26:31,467 - INFO 
O0 - 2022-08-04 17:26:31,468 - INFO 
O1 - 2022-08-04 17:26:31,468 - INFO 
Status - 2022-08-04 17:26:32,482 - INFO 
I0 - 2022-08-04 17:26:32,482 - INFO 
I1 - 2022-08-04 17:26:32,483 - INFO 
O0 - 2022-08-04 17:26:32,484 - INFO 
O1 - 2022-08-04 17:26:32,484 - INFO 
Status - 2022-08-04 17:26:33,490 - INFO 
I0 - 2022-08-04 17:26:33,490 - INFO 
I1 - 2022-08-04 17:26:33,491 - INFO 
O0 - 2022-08-04 17:26:33,491 - INFO 
O1 - 2022-08-04 17:26:33,491 - INFO 
Status - 2022-08-04 17:26:34,493 - INFO 
I0 - 2022-08-04 17:26:34,493 - INFO 
I1 - 2022-08-04 17:26:34,493 - INFO 
O0 - 2022-08-04 17:26:34,493 - INFO 
O1 - 2022-08-04 17:26:34,493 - INFO 
Status - 2022-08-04 17:26:35,506 - INFO 
I0 - 2022-08-04 17:26:35,506 - INFO 
I1 - 2022-08-04 17:26:35,506 - INFO 
O0 - 2022-08-04 17:26:35,506 - INFO 
O1 - 2022-08-04 17:26:35,506 - INFO 
Status - 2022-08-04 17:26:36,514 - INFO 
I0 - 2022-08-04 17:26:36,514 - INFO 
I1 - 2022-08-04 17:26:36,514 - INFO 
O0 - 2022-08-04 17:26:36,514 - INFO 
O1 - 2022-08-04 17:26:36,514 - INFO 
Status - 2022-08-04 17:26:37,525 - INFO 
I0 - 2022-08-04 17:26:37,525 - INFO 
I1 - 2022-08-04 17:26:37,525 - INFO 
O0 - 2022-08-04 17:26:37,525 - INFO 
O1 - 2022-08-04 17:26:37,525 - INFO 
Status - 2022-08-04 17:26:38,537 - INFO 
I0 - 2022-08-04 17:26:38,537 - INFO 
I1 - 2022-08-04 17:26:38,537 - INFO 
O0 - 2022-08-04 17:26:38,537 - INFO 
O1 - 2022-08-04 17:26:38,537 - INFO 
Status - 2022-08-04 17:26:39,549 - INFO 
I0 - 2022-08-04 17:26:39,549 - INFO 
I1 - 2022-08-04 17:26:39,549 - INFO 
O0 - 2022-08-04 17:26:39,549 - INFO 
O1 - 2022-08-04 17:26:39,549 - INFO 
Status - 2022-08-04 17:26:40,550 - INFO 
I0 - 2022-08-04 17:26:40,550 - INFO 
I1 - 2022-08-04 17:26:40,550 - INFO 
O0 - 2022-08-04 17:26:40,550 - INFO 
O1 - 2022-08-04 17:26:40,550 - INFO 
Status - 2022-08-04 17:26:41,551 - INFO 
I0 - 2022-08-04 17:26:41,552 - INFO 
I1 - 2022-08-04 17:26:41,552 - INFO 
O0 - 2022-08-04 17:26:41,552 - INFO 
O1 - 2022-08-04 17:26:41,552 - INFO 
Status - 2022-08-04 17:26:42,557 - INFO 
I0 - 2022-08-04 17:26:42,557 - INFO 
I1 - 2022-08-04 17:26:42,557 - INFO 
O0 - 2022-08-04 17:26:42,557 - INFO 
O1 - 2022-08-04 17:26:42,557 - INFO 
Status - 2022-08-04 17:26:43,567 - INFO 
I0 - 2022-08-04 17:26:43,567 - INFO 
I1 - 2022-08-04 17:26:43,567 - INFO 
O0 - 2022-08-04 17:26:43,567 - INFO 
O1 - 2022-08-04 17:26:43,567 - INFO 
Status - 2022-08-04 17:26:44,570 - INFO 
I0 - 2022-08-04 17:26:44,570 - INFO 
I1 - 2022-08-04 17:26:44,570 - INFO 
O0 - 2022-08-04 17:26:44,570 - INFO 
O1 - 2022-08-04 17:26:44,570 - INFO 
Status - 2022-08-04 17:26:45,582 - INFO 
I0 - 2022-08-04 17:26:45,582 - INFO 
I1 - 2022-08-04 17:26:45,582 - INFO 
O0 - 2022-08-04 17:26:45,582 - INFO 
O1 - 2022-08-04 17:26:45,582 - INFO 
Status - 2022-08-04 17:26:46,595 - INFO 
I0 - 2022-08-04 17:26:46,595 - INFO 
I1 - 2022-08-04 17:26:46,595 - INFO 
O0 - 2022-08-04 17:26:46,595 - INFO 
O1 - 2022-08-04 17:26:46,595 - INFO 
Status - 2022-08-04 17:26:47,595 - INFO 
I0 - 2022-08-04 17:26:47,595 - INFO 
I1 - 2022-08-04 17:26:47,595 - INFO 
O0 - 2022-08-04 17:26:47,595 - INFO 
O1 - 2022-08-04 17:26:47,595 - INFO 
Status - 2022-08-04 17:26:48,597 - INFO 
I0 - 2022-08-04 17:26:48,598 - INFO 
I1 - 2022-08-04 17:26:48,598 - INFO 
O0 - 2022-08-04 17:26:48,598 - INFO 
O1 - 2022-08-04 17:26:48,598 - INFO 
Status - 2022-08-04 17:26:49,610 - INFO 
I0 - 2022-08-04 17:26:49,611 - INFO 
I1 - 2022-08-04 17:26:49,611 - INFO 
O0 - 2022-08-04 17:26:49,611 - INFO 
O1 - 2022-08-04 17:26:49,611 - INFO 
Status - 2022-08-04 17:26:50,616 - INFO 
I0 - 2022-08-04 17:26:50,617 - INFO 
I1 - 2022-08-04 17:26:50,617 - INFO 
O0 - 2022-08-04 17:26:50,617 - INFO 
O1 - 2022-08-04 17:26:50,617 - INFO 
Status - 2022-08-04 17:26:51,630 - INFO 
I0 - 2022-08-04 17:26:51,630 - INFO 
I1 - 2022-08-04 17:26:51,631 - INFO 
O0 - 2022-08-04 17:26:51,631 - INFO 
O1 - 2022-08-04 17:26:51,631 - INFO 
Status - 2022-08-04 17:26:52,641 - INFO 
I0 - 2022-08-04 17:26:52,642 - INFO 
I1 - 2022-08-04 17:26:52,642 - INFO 
O0 - 2022-08-04 17:26:52,642 - INFO 
O1 - 2022-08-04 17:26:52,642 - INFO 
Status - 2022-08-04 17:26:53,650 - INFO 
I0 - 2022-08-04 17:26:53,650 - INFO 
I1 - 2022-08-04 17:26:53,650 - INFO 
O0 - 2022-08-04 17:26:53,650 - INFO 
O1 - 2022-08-04 17:26:53,651 - INFO 
Status - 2022-08-04 17:26:54,660 - INFO 
I0 - 2022-08-04 17:26:54,660 - INFO 
I1 - 2022-08-04 17:26:54,661 - INFO 
O0 - 2022-08-04 17:26:54,661 - INFO 
O1 - 2022-08-04 17:26:54,661 - INFO 
Status - 2022-08-04 17:26:55,672 - INFO 
I0 - 2022-08-04 17:26:55,672 - INFO 
I1 - 2022-08-04 17:26:55,672 - INFO 
O0 - 2022-08-04 17:26:55,672 - INFO 
O1 - 2022-08-04 17:26:55,672 - INFO 
Status - 2022-08-04 17:26:56,686 - INFO 
I0 - 2022-08-04 17:26:56,686 - INFO 
I1 - 2022-08-04 17:26:56,686 - INFO 
O0 - 2022-08-04 17:26:56,686 - INFO 
O1 - 2022-08-04 17:26:56,687 - INFO 
Status - 2022-08-04 17:26:57,695 - INFO 
I0 - 2022-08-04 17:26:57,695 - INFO 
I1 - 2022-08-04 17:26:57,695 - INFO 
O0 - 2022-08-04 17:26:57,695 - INFO 
O1 - 2022-08-04 17:26:57,695 - INFO 
Status - 2022-08-04 17:26:58,697 - INFO 
I0 - 2022-08-04 17:26:58,697 - INFO 
I1 - 2022-08-04 17:26:58,697 - INFO 
O0 - 2022-08-04 17:26:58,698 - INFO 
O1 - 2022-08-04 17:26:58,698 - INFO 
Status - 2022-08-04 17:26:59,712 - INFO 
I0 - 2022-08-04 17:26:59,712 - INFO 
I1 - 2022-08-04 17:26:59,712 - INFO 
O0 - 2022-08-04 17:26:59,712 - INFO 
O1 - 2022-08-04 17:26:59,712 - INFO 
Status - 2022-08-04 17:27:00,719 - INFO 
I0 - 2022-08-04 17:27:00,719 - INFO 
I1 - 2022-08-04 17:27:00,719 - INFO 
O0 - 2022-08-04 17:27:00,719 - INFO 
O1 - 2022-08-04 17:27:00,719 - INFO 
Status - 2022-08-04 17:27:01,733 - INFO 
I0 - 2022-08-04 17:27:01,733 - INFO 
I1 - 2022-08-04 17:27:01,733 - INFO 
O0 - 2022-08-04 17:27:01,733 - INFO 
O1 - 2022-08-04 17:27:01,733 - INFO 
Status - 2022-08-04 17:27:02,747 - INFO 
I0 - 2022-08-04 17:27:02,747 - INFO 
I1 - 2022-08-04 17:27:02,748 - INFO 
O0 - 2022-08-04 17:27:02,748 - INFO 
O1 - 2022-08-04 17:27:02,748 - INFO 
Status - 2022-08-04 17:27:03,760 - INFO 
I0 - 2022-08-04 17:27:03,760 - INFO 
I1 - 2022-08-04 17:27:03,760 - INFO 
O0 - 2022-08-04 17:27:03,760 - INFO 
O1 - 2022-08-04 17:27:03,760 - INFO 
Status - 2022-08-04 17:27:04,773 - INFO 
I0 - 2022-08-04 17:27:04,773 - INFO 
I1 - 2022-08-04 17:27:04,774 - INFO 
O0 - 2022-08-04 17:27:04,774 - INFO 
O1 - 2022-08-04 17:27:04,774 - INFO 
Status - 2022-08-04 17:27:05,786 - INFO 
I0 - 2022-08-04 17:27:05,786 - INFO 
I1 - 2022-08-04 17:27:05,786 - INFO 
O0 - 2022-08-04 17:27:05,786 - INFO 
O1 - 2022-08-04 17:27:05,787 - INFO 
Status - 2022-08-04 17:27:06,800 - INFO 
I0 - 2022-08-04 17:27:06,800 - INFO 
I1 - 2022-08-04 17:27:06,800 - INFO 
O0 - 2022-08-04 17:27:06,800 - INFO 
O1 - 2022-08-04 17:27:06,800 - INFO 
Status - 2022-08-04 17:27:07,802 - INFO 
I0 - 2022-08-04 17:27:07,802 - INFO 
I1 - 2022-08-04 17:27:07,802 - INFO 
O0 - 2022-08-04 17:27:07,803 - INFO 
O1 - 2022-08-04 17:27:07,803 - INFO 
Status - 2022-08-04 17:27:08,805 - INFO 
I0 - 2022-08-04 17:27:08,805 - INFO 
I1 - 2022-08-04 17:27:08,805 - INFO 
O0 - 2022-08-04 17:27:08,805 - INFO 
O1 - 2022-08-04 17:27:08,805 - INFO 
Status - 2022-08-04 17:27:09,818 - INFO 
I0 - 2022-08-04 17:27:09,818 - INFO 
I1 - 2022-08-04 17:27:09,818 - INFO 
O0 - 2022-08-04 17:27:09,818 - INFO 
O1 - 2022-08-04 17:27:09,818 - INFO 
Status - 2022-08-04 17:27:10,825 - INFO 
I0 - 2022-08-04 17:27:10,825 - INFO 
I1 - 2022-08-04 17:27:10,825 - INFO 
O0 - 2022-08-04 17:27:10,825 - INFO 
O1 - 2022-08-04 17:27:10,825 - INFO 
Status - 2022-08-04 17:27:11,840 - INFO 
I0 - 2022-08-04 17:27:11,841 - INFO 
I1 - 2022-08-04 17:27:11,841 - INFO 
O0 - 2022-08-04 17:27:11,841 - INFO 
O1 - 2022-08-04 17:27:11,841 - INFO 
Status - 2022-08-04 17:27:12,854 - INFO 
I0 - 2022-08-04 17:27:12,854 - INFO 
I1 - 2022-08-04 17:27:12,854 - INFO 
O0 - 2022-08-04 17:27:12,854 - INFO 
O1 - 2022-08-04 17:27:12,855 - INFO 
Status - 2022-08-04 17:27:13,868 - INFO 
I0 - 2022-08-04 17:27:13,868 - INFO 
I1 - 2022-08-04 17:27:13,868 - INFO 
O0 - 2022-08-04 17:27:13,868 - INFO 
O1 - 2022-08-04 17:27:13,868 - INFO 
Status - 2022-08-04 17:27:14,883 - INFO 
I0 - 2022-08-04 17:27:14,883 - INFO 
I1 - 2022-08-04 17:27:14,883 - INFO 
O0 - 2022-08-04 17:27:14,883 - INFO 
O1 - 2022-08-04 17:27:14,883 - INFO 
Status - 2022-08-04 17:27:15,891 - INFO 
I0 - 2022-08-04 17:27:15,891 - INFO 
I1 - 2022-08-04 17:27:15,891 - INFO 
O0 - 2022-08-04 17:27:15,891 - INFO 
O1 - 2022-08-04 17:27:15,891 - INFO 
Status - 2022-08-04 17:27:16,906 - INFO 
I0 - 2022-08-04 17:27:16,906 - INFO 
I1 - 2022-08-04 17:27:16,906 - INFO 
O0 - 2022-08-04 17:27:16,906 - INFO 
O1 - 2022-08-04 17:27:16,906 - INFO 
Status - 2022-08-04 17:27:17,913 - INFO 
I0 - 2022-08-04 17:27:17,913 - INFO 
I1 - 2022-08-04 17:27:17,914 - INFO 
O0 - 2022-08-04 17:27:17,914 - INFO 
O1 - 2022-08-04 17:27:17,914 - INFO 
Status - 2022-08-04 17:27:18,915 - INFO 
I0 - 2022-08-04 17:27:18,916 - INFO 
I1 - 2022-08-04 17:27:18,916 - INFO 
O0 - 2022-08-04 17:27:18,916 - INFO 
O1 - 2022-08-04 17:27:18,916 - INFO 
Status - 2022-08-04 17:27:19,925 - INFO 
I0 - 2022-08-04 17:27:19,925 - INFO 
I1 - 2022-08-04 17:27:19,925 - INFO 
O0 - 2022-08-04 17:27:19,925 - INFO 
O1 - 2022-08-04 17:27:19,925 - INFO 
Status - 2022-08-04 17:27:20,927 - INFO 
I0 - 2022-08-04 17:27:20,927 - INFO 
I1 - 2022-08-04 17:27:20,927 - INFO 
O0 - 2022-08-04 17:27:20,927 - INFO 
O1 - 2022-08-04 17:27:20,927 - INFO 
Status - 2022-08-04 17:27:21,928 - INFO 
I0 - 2022-08-04 17:27:21,928 - INFO 
I1 - 2022-08-04 17:27:21,928 - INFO 
O0 - 2022-08-04 17:27:21,928 - INFO 
O1 - 2022-08-04 17:27:21,928 - INFO 
Status - 2022-08-04 17:27:22,940 - INFO 
I0 - 2022-08-04 17:27:22,940 - INFO 
I1 - 2022-08-04 17:27:22,940 - INFO 
O0 - 2022-08-04 17:27:22,940 - INFO 
O1 - 2022-08-04 17:27:22,940 - INFO 
Status - 2022-08-04 17:27:23,953 - INFO 
I0 - 2022-08-04 17:27:23,953 - INFO 
I1 - 2022-08-04 17:27:23,953 - INFO 
O0 - 2022-08-04 17:27:23,953 - INFO 
O1 - 2022-08-04 17:27:23,953 - INFO 
Status - 2022-08-04 17:27:24,963 - INFO 
I0 - 2022-08-04 17:27:24,963 - INFO 
I1 - 2022-08-04 17:27:24,964 - INFO 
O0 - 2022-08-04 17:27:24,964 - INFO 
O1 - 2022-08-04 17:27:24,964 - INFO 
Status - 2022-08-04 17:27:25,969 - INFO 
I0 - 2022-08-04 17:27:25,970 - INFO 
I1 - 2022-08-04 17:27:25,970 - INFO 
O0 - 2022-08-04 17:27:25,970 - INFO 
O1 - 2022-08-04 17:27:25,970 - INFO 
Status - 2022-08-04 17:27:26,979 - INFO 
I0 - 2022-08-04 17:27:26,979 - INFO 
I1 - 2022-08-04 17:27:26,979 - INFO 
O0 - 2022-08-04 17:27:26,979 - INFO 
O1 - 2022-08-04 17:27:26,979 - INFO 
Status - 2022-08-04 17:27:27,980 - INFO 
I0 - 2022-08-04 17:27:27,980 - INFO 
I1 - 2022-08-04 17:27:27,980 - INFO 
O0 - 2022-08-04 17:27:27,980 - INFO 
O1 - 2022-08-04 17:27:27,980 - INFO 
Status - 2022-08-04 17:27:28,993 - INFO 
I0 - 2022-08-04 17:27:28,994 - INFO 
I1 - 2022-08-04 17:27:28,994 - INFO 
O0 - 2022-08-04 17:27:28,994 - INFO 
O1 - 2022-08-04 17:27:28,994 - INFO 
Status - 2022-08-04 17:27:30,005 - INFO 
I0 - 2022-08-04 17:27:30,005 - INFO 
I1 - 2022-08-04 17:27:30,005 - INFO 
O0 - 2022-08-04 17:27:30,005 - INFO 
O1 - 2022-08-04 17:27:30,005 - INFO 
Status - 2022-08-04 17:27:31,021 - INFO 
I0 - 2022-08-04 17:27:31,021 - INFO 
I1 - 2022-08-04 17:27:31,021 - INFO 
O0 - 2022-08-04 17:27:31,021 - INFO 
O1 - 2022-08-04 17:27:31,021 - INFO 
Status - 2022-08-04 17:27:32,034 - INFO 
I0 - 2022-08-04 17:27:32,034 - INFO 
I1 - 2022-08-04 17:27:32,035 - INFO 
O0 - 2022-08-04 17:27:32,035 - INFO 
O1 - 2022-08-04 17:27:32,035 - INFO 
Status - 2022-08-04 17:27:33,048 - INFO 
I0 - 2022-08-04 17:27:33,049 - INFO 
I1 - 2022-08-04 17:27:33,049 - INFO 
O0 - 2022-08-04 17:27:33,049 - INFO 
O1 - 2022-08-04 17:27:33,049 - INFO 
Status - 2022-08-04 17:27:34,060 - INFO 
I0 - 2022-08-04 17:27:34,060 - INFO 
I1 - 2022-08-04 17:27:34,060 - INFO 
O0 - 2022-08-04 17:27:34,060 - INFO 
O1 - 2022-08-04 17:27:34,061 - INFO 
Status - 2022-08-04 17:27:35,073 - INFO 
I0 - 2022-08-04 17:27:35,073 - INFO 
I1 - 2022-08-04 17:27:35,073 - INFO 
O0 - 2022-08-04 17:27:35,073 - INFO 
O1 - 2022-08-04 17:27:35,073 - INFO 
Status - 2022-08-04 17:27:36,085 - INFO 
I0 - 2022-08-04 17:27:36,085 - INFO 
I1 - 2022-08-04 17:27:36,085 - INFO 
O0 - 2022-08-04 17:27:36,085 - INFO 
O1 - 2022-08-04 17:27:36,085 - INFO 
Status - 2022-08-04 17:27:37,091 - INFO 
I0 - 2022-08-04 17:27:37,091 - INFO 
I1 - 2022-08-04 17:27:37,092 - INFO 
O0 - 2022-08-04 17:27:37,092 - INFO 
O1 - 2022-08-04 17:27:37,092 - INFO 
Status - 2022-08-04 17:27:38,100 - INFO 
I0 - 2022-08-04 17:27:38,100 - INFO 
I1 - 2022-08-04 17:27:38,100 - INFO 
O0 - 2022-08-04 17:27:38,100 - INFO 
O1 - 2022-08-04 17:27:38,101 - INFO 
Status - 2022-08-04 17:27:39,110 - INFO 
I0 - 2022-08-04 17:27:39,111 - INFO 
I1 - 2022-08-04 17:27:39,111 - INFO 
O0 - 2022-08-04 17:27:39,111 - INFO 
O1 - 2022-08-04 17:27:39,111 - INFO 
Status - 2022-08-04 17:27:40,123 - INFO 
I0 - 2022-08-04 17:27:40,123 - INFO 
I1 - 2022-08-04 17:27:40,123 - INFO 
O0 - 2022-08-04 17:27:40,123 - INFO 
O1 - 2022-08-04 17:27:40,124 - INFO 
Status - 2022-08-04 17:27:41,130 - INFO 
I0 - 2022-08-04 17:27:41,131 - INFO 
I1 - 2022-08-04 17:27:41,131 - INFO 
O0 - 2022-08-04 17:27:41,131 - INFO 
O1 - 2022-08-04 17:27:41,131 - INFO 
Status - 2022-08-04 17:27:42,144 - INFO 
I0 - 2022-08-04 17:27:42,144 - INFO 
I1 - 2022-08-04 17:27:42,144 - INFO 
O0 - 2022-08-04 17:27:42,144 - INFO 
O1 - 2022-08-04 17:27:42,144 - INFO 
Status - 2022-08-04 17:27:43,159 - INFO 
I0 - 2022-08-04 17:27:43,159 - INFO 
I1 - 2022-08-04 17:27:43,159 - INFO 
O0 - 2022-08-04 17:27:43,159 - INFO 
O1 - 2022-08-04 17:27:43,159 - INFO 
Status - 2022-08-04 17:27:44,161 - INFO 
I0 - 2022-08-04 17:27:44,161 - INFO 
I1 - 2022-08-04 17:27:44,161 - INFO 
O0 - 2022-08-04 17:27:44,161 - INFO 
O1 - 2022-08-04 17:27:44,161 - INFO 
Status - 2022-08-04 17:27:45,168 - INFO 
I0 - 2022-08-04 17:27:45,168 - INFO 
I1 - 2022-08-04 17:27:45,168 - INFO 
O0 - 2022-08-04 17:27:45,168 - INFO 
O1 - 2022-08-04 17:27:45,168 - INFO 
Status - 2022-08-04 17:27:46,172 - INFO 
I0 - 2022-08-04 17:27:46,172 - INFO 
I1 - 2022-08-04 17:27:46,172 - INFO 
O0 - 2022-08-04 17:27:46,173 - INFO 
O1 - 2022-08-04 17:27:46,173 - INFO 
Status - 2022-08-04 17:27:47,175 - INFO 
I0 - 2022-08-04 17:27:47,175 - INFO 
I1 - 2022-08-04 17:27:47,175 - INFO 
O0 - 2022-08-04 17:27:47,176 - INFO 
O1 - 2022-08-04 17:27:47,176 - INFO 
Status - 2022-08-04 17:27:48,189 - INFO 
I0 - 2022-08-04 17:27:48,189 - INFO 
I1 - 2022-08-04 17:27:48,189 - INFO 
O0 - 2022-08-04 17:27:48,189 - INFO 
O1 - 2022-08-04 17:27:48,189 - INFO 
Status - 2022-08-04 17:27:49,195 - INFO 
I0 - 2022-08-04 17:27:49,195 - INFO 
I1 - 2022-08-04 17:27:49,196 - INFO 
O0 - 2022-08-04 17:27:49,196 - INFO 
O1 - 2022-08-04 17:27:49,196 - INFO 
Status - 2022-08-04 17:27:50,204 - INFO 
I0 - 2022-08-04 17:27:50,205 - INFO 
I1 - 2022-08-04 17:27:50,205 - INFO 
O0 - 2022-08-04 17:27:50,205 - INFO 
O1 - 2022-08-04 17:27:50,205 - INFO 
Status - 2022-08-04 17:27:51,215 - INFO 
I0 - 2022-08-04 17:27:51,215 - INFO 
I1 - 2022-08-04 17:27:51,215 - INFO 
O0 - 2022-08-04 17:27:51,215 - INFO 
O1 - 2022-08-04 17:27:51,215 - INFO 
Status - 2022-08-04 17:27:52,225 - INFO 
I0 - 2022-08-04 17:27:52,225 - INFO 
I1 - 2022-08-04 17:27:52,226 - INFO 
O0 - 2022-08-04 17:27:52,226 - INFO 
O1 - 2022-08-04 17:27:52,226 - INFO 
Status - 2022-08-04 17:27:53,239 - INFO 
I0 - 2022-08-04 17:27:53,239 - INFO 
I1 - 2022-08-04 17:27:53,239 - INFO 
O0 - 2022-08-04 17:27:53,240 - INFO 
O1 - 2022-08-04 17:27:53,240 - INFO 
Status - 2022-08-04 17:27:54,252 - INFO 
I0 - 2022-08-04 17:27:54,252 - INFO 
I1 - 2022-08-04 17:27:54,252 - INFO 
O0 - 2022-08-04 17:27:54,252 - INFO 
O1 - 2022-08-04 17:27:54,253 - INFO 
Status - 2022-08-04 17:27:55,266 - INFO 
I0 - 2022-08-04 17:27:55,266 - INFO 
I1 - 2022-08-04 17:27:55,266 - INFO 
O0 - 2022-08-04 17:27:55,266 - INFO 
O1 - 2022-08-04 17:27:55,266 - INFO 
Status - 2022-08-04 17:27:56,277 - INFO 
I0 - 2022-08-04 17:27:56,277 - INFO 
I1 - 2022-08-04 17:27:56,277 - INFO 
O0 - 2022-08-04 17:27:56,277 - INFO 
O1 - 2022-08-04 17:27:56,277 - INFO 
Status - 2022-08-04 17:27:57,291 - INFO 
I0 - 2022-08-04 17:27:57,292 - INFO 
I1 - 2022-08-04 17:27:57,292 - INFO 
O0 - 2022-08-04 17:27:57,292 - INFO 
O1 - 2022-08-04 17:27:57,292 - INFO 
Status - 2022-08-04 17:27:58,296 - INFO 
I0 - 2022-08-04 17:27:58,296 - INFO 
I1 - 2022-08-04 17:27:58,297 - INFO 
O0 - 2022-08-04 17:27:58,297 - INFO 
O1 - 2022-08-04 17:27:58,297 - INFO 
Status - 2022-08-04 17:27:59,313 - INFO 
I0 - 2022-08-04 17:27:59,313 - INFO 
I1 - 2022-08-04 17:27:59,313 - INFO 
O0 - 2022-08-04 17:27:59,313 - INFO 
O1 - 2022-08-04 17:27:59,313 - INFO 
Status - 2022-08-04 17:28:00,325 - INFO 
I0 - 2022-08-04 17:28:00,326 - INFO 
I1 - 2022-08-04 17:28:00,326 - INFO 
O0 - 2022-08-04 17:28:00,326 - INFO 
O1 - 2022-08-04 17:28:00,326 - INFO 
Status - 2022-08-04 17:28:01,336 - INFO 
I0 - 2022-08-04 17:28:01,337 - INFO 
I1 - 2022-08-04 17:28:01,337 - INFO 
O0 - 2022-08-04 17:28:01,337 - INFO 
O1 - 2022-08-04 17:28:01,337 - INFO 
Status - 2022-08-04 17:28:02,351 - INFO 
I0 - 2022-08-04 17:28:02,351 - INFO 
I1 - 2022-08-04 17:28:02,351 - INFO 
O0 - 2022-08-04 17:28:02,351 - INFO 
O1 - 2022-08-04 17:28:02,351 - INFO 
Status - 2022-08-04 17:28:03,365 - INFO 
I0 - 2022-08-04 17:28:03,365 - INFO 
I1 - 2022-08-04 17:28:03,365 - INFO 
O0 - 2022-08-04 17:28:03,365 - INFO 
O1 - 2022-08-04 17:28:03,365 - INFO 
Status - 2022-08-04 17:28:04,373 - INFO 
I0 - 2022-08-04 17:28:04,373 - INFO 
I1 - 2022-08-04 17:28:04,373 - INFO 
O0 - 2022-08-04 17:28:04,373 - INFO 
O1 - 2022-08-04 17:28:04,373 - INFO 
Status - 2022-08-04 17:28:05,380 - INFO 
I0 - 2022-08-04 17:28:05,380 - INFO 
I1 - 2022-08-04 17:28:05,380 - INFO 
O0 - 2022-08-04 17:28:05,380 - INFO 
O1 - 2022-08-04 17:28:05,380 - INFO 
Status - 2022-08-04 17:28:06,393 - INFO 
I0 - 2022-08-04 17:28:06,394 - INFO 
I1 - 2022-08-04 17:28:06,394 - INFO 
O0 - 2022-08-04 17:28:06,394 - INFO 
O1 - 2022-08-04 17:28:06,394 - INFO 
Status - 2022-08-04 17:28:07,404 - INFO 
I0 - 2022-08-04 17:28:07,405 - INFO 
I1 - 2022-08-04 17:28:07,405 - INFO 
O0 - 2022-08-04 17:28:07,405 - INFO 
O1 - 2022-08-04 17:28:07,405 - INFO 
Status - 2022-08-04 17:28:08,417 - INFO 
I0 - 2022-08-04 17:28:08,417 - INFO 
I1 - 2022-08-04 17:28:08,418 - INFO 
O0 - 2022-08-04 17:28:08,418 - INFO 
O1 - 2022-08-04 17:28:08,418 - INFO 
Status - 2022-08-04 17:28:09,433 - INFO 
I0 - 2022-08-04 17:28:09,434 - INFO 
I1 - 2022-08-04 17:28:09,434 - INFO 
O0 - 2022-08-04 17:28:09,434 - INFO 
O1 - 2022-08-04 17:28:09,434 - INFO 
Status - 2022-08-04 17:28:10,441 - INFO 
I0 - 2022-08-04 17:28:10,441 - INFO 
I1 - 2022-08-04 17:28:10,441 - INFO 
O0 - 2022-08-04 17:28:10,441 - INFO 
O1 - 2022-08-04 17:28:10,441 - INFO 
Status - 2022-08-04 17:28:11,455 - INFO 
I0 - 2022-08-04 17:28:11,455 - INFO 
I1 - 2022-08-04 17:28:11,455 - INFO 
O0 - 2022-08-04 17:28:11,455 - INFO 
O1 - 2022-08-04 17:28:11,455 - INFO 
Status - 2022-08-04 17:28:12,469 - INFO 
I0 - 2022-08-04 17:28:12,469 - INFO 
I1 - 2022-08-04 17:28:12,470 - INFO 
O0 - 2022-08-04 17:28:12,470 - INFO 
O1 - 2022-08-04 17:28:12,470 - INFO 
Status - 2022-08-04 17:28:13,480 - INFO 
I0 - 2022-08-04 17:28:13,480 - INFO 
I1 - 2022-08-04 17:28:13,480 - INFO 
O0 - 2022-08-04 17:28:13,480 - INFO 
O1 - 2022-08-04 17:28:13,480 - INFO 
Status - 2022-08-04 17:28:14,489 - INFO 
I0 - 2022-08-04 17:28:14,489 - INFO 
I1 - 2022-08-04 17:28:14,489 - INFO 
O0 - 2022-08-04 17:28:14,489 - INFO 
O1 - 2022-08-04 17:28:14,489 - INFO 
Status - 2022-08-04 17:28:15,495 - INFO 
I0 - 2022-08-04 17:28:15,495 - INFO 
I1 - 2022-08-04 17:28:15,495 - INFO 
O0 - 2022-08-04 17:28:15,495 - INFO 
O1 - 2022-08-04 17:28:15,496 - INFO 
Status - 2022-08-04 17:28:16,503 - INFO 
I0 - 2022-08-04 17:28:16,503 - INFO 
I1 - 2022-08-04 17:28:16,503 - INFO 
O0 - 2022-08-04 17:28:16,503 - INFO 
O1 - 2022-08-04 17:28:16,503 - INFO 
Status - 2022-08-04 17:28:17,513 - INFO 
I0 - 2022-08-04 17:28:17,513 - INFO 
I1 - 2022-08-04 17:28:17,513 - INFO 
O0 - 2022-08-04 17:28:17,513 - INFO 
O1 - 2022-08-04 17:28:17,513 - INFO 
Status - 2022-08-04 17:28:18,527 - INFO 
I0 - 2022-08-04 17:28:18,527 - INFO 
I1 - 2022-08-04 17:28:18,527 - INFO 
O0 - 2022-08-04 17:28:18,527 - INFO 
O1 - 2022-08-04 17:28:18,527 - INFO 
Status - 2022-08-04 17:28:19,539 - INFO 
I0 - 2022-08-04 17:28:19,539 - INFO 
I1 - 2022-08-04 17:28:19,539 - INFO 
O0 - 2022-08-04 17:28:19,539 - INFO 
O1 - 2022-08-04 17:28:19,539 - INFO 
Status - 2022-08-04 17:28:20,553 - INFO 
I0 - 2022-08-04 17:28:20,553 - INFO 
I1 - 2022-08-04 17:28:20,553 - INFO 
O0 - 2022-08-04 17:28:20,554 - INFO 
O1 - 2022-08-04 17:28:20,554 - INFO 
Status - 2022-08-04 17:28:21,564 - INFO 
I0 - 2022-08-04 17:28:21,564 - INFO 
I1 - 2022-08-04 17:28:21,565 - INFO 
O0 - 2022-08-04 17:28:21,565 - INFO 
O1 - 2022-08-04 17:28:21,565 - INFO 
Status - 2022-08-04 17:28:22,579 - INFO 
I0 - 2022-08-04 17:28:22,579 - INFO 
I1 - 2022-08-04 17:28:22,579 - INFO 
O0 - 2022-08-04 17:28:22,579 - INFO 
O1 - 2022-08-04 17:28:22,580 - INFO 
Status - 2022-08-04 17:28:23,593 - INFO 
I0 - 2022-08-04 17:28:23,593 - INFO 
I1 - 2022-08-04 17:28:23,593 - INFO 
O0 - 2022-08-04 17:28:23,593 - INFO 
O1 - 2022-08-04 17:28:23,594 - INFO 
Status - 2022-08-04 17:28:24,608 - INFO 
I0 - 2022-08-04 17:28:24,609 - INFO 
I1 - 2022-08-04 17:28:24,609 - INFO 
O0 - 2022-08-04 17:28:24,609 - INFO 
O1 - 2022-08-04 17:28:24,609 - INFO 
Status - 2022-08-04 17:28:25,619 - INFO 
I0 - 2022-08-04 17:28:25,619 - INFO 
I1 - 2022-08-04 17:28:25,620 - INFO 
O0 - 2022-08-04 17:28:25,620 - INFO 
O1 - 2022-08-04 17:28:25,620 - INFO 
Status - 2022-08-04 17:28:26,620 - INFO 
I0 - 2022-08-04 17:28:26,620 - INFO 
I1 - 2022-08-04 17:28:26,620 - INFO 
O0 - 2022-08-04 17:28:26,620 - INFO 
O1 - 2022-08-04 17:28:26,620 - INFO 
Status - 2022-08-04 17:28:27,631 - INFO 
I0 - 2022-08-04 17:28:27,631 - INFO 
I1 - 2022-08-04 17:28:27,631 - INFO 
O0 - 2022-08-04 17:28:27,631 - INFO 
O1 - 2022-08-04 17:28:27,631 - INFO 
Status - 2022-08-04 17:28:28,642 - INFO 
I0 - 2022-08-04 17:28:28,642 - INFO 
I1 - 2022-08-04 17:28:28,642 - INFO 
O0 - 2022-08-04 17:28:28,642 - INFO 
O1 - 2022-08-04 17:28:28,642 - INFO 
Status - 2022-08-04 17:28:29,651 - INFO 
I0 - 2022-08-04 17:28:29,651 - INFO 
I1 - 2022-08-04 17:28:29,651 - INFO 
O0 - 2022-08-04 17:28:29,652 - INFO 
O1 - 2022-08-04 17:28:29,652 - INFO 
Status - 2022-08-04 17:28:30,666 - INFO 
I0 - 2022-08-04 17:28:30,667 - INFO 
I1 - 2022-08-04 17:28:30,667 - INFO 
O0 - 2022-08-04 17:28:30,667 - INFO 
O1 - 2022-08-04 17:28:30,667 - INFO 
Status - 2022-08-04 17:28:31,678 - INFO 
I0 - 2022-08-04 17:28:31,678 - INFO 
I1 - 2022-08-04 17:28:31,678 - INFO 
O0 - 2022-08-04 17:28:31,678 - INFO 
O1 - 2022-08-04 17:28:31,679 - INFO 
Status - 2022-08-04 17:28:32,680 - INFO 
I0 - 2022-08-04 17:28:32,680 - INFO 
I1 - 2022-08-04 17:28:32,681 - INFO 
O0 - 2022-08-04 17:28:32,681 - INFO 
O1 - 2022-08-04 17:28:32,681 - INFO 
Status - 2022-08-04 17:28:33,682 - INFO 
I0 - 2022-08-04 17:28:33,682 - INFO 
I1 - 2022-08-04 17:28:33,682 - INFO 
O0 - 2022-08-04 17:28:33,682 - INFO 
O1 - 2022-08-04 17:28:33,682 - INFO 
Status - 2022-08-04 17:28:34,685 - INFO 
I0 - 2022-08-04 17:28:34,685 - INFO 
I1 - 2022-08-04 17:28:34,686 - INFO 
O0 - 2022-08-04 17:28:34,686 - INFO 
O1 - 2022-08-04 17:28:34,686 - INFO 
Status - 2022-08-04 17:28:35,696 - INFO 
I0 - 2022-08-04 17:28:35,696 - INFO 
I1 - 2022-08-04 17:28:35,696 - INFO 
O0 - 2022-08-04 17:28:35,696 - INFO 
O1 - 2022-08-04 17:28:35,696 - INFO 
Status - 2022-08-04 17:28:36,711 - INFO 
I0 - 2022-08-04 17:28:36,712 - INFO 
I1 - 2022-08-04 17:28:36,712 - INFO 
O0 - 2022-08-04 17:28:36,712 - INFO 
O1 - 2022-08-04 17:28:36,712 - INFO 
Status - 2022-08-04 17:28:37,721 - INFO 
I0 - 2022-08-04 17:28:37,721 - INFO 
I1 - 2022-08-04 17:28:37,722 - INFO 
O0 - 2022-08-04 17:28:37,722 - INFO 
O1 - 2022-08-04 17:28:37,722 - INFO 
Status - 2022-08-04 17:28:38,733 - INFO 
I0 - 2022-08-04 17:28:38,733 - INFO 
I1 - 2022-08-04 17:28:38,733 - INFO 
O0 - 2022-08-04 17:28:38,733 - INFO 
O1 - 2022-08-04 17:28:38,733 - INFO 
Status - 2022-08-04 17:28:39,743 - INFO 
I0 - 2022-08-04 17:28:39,743 - INFO 
I1 - 2022-08-04 17:28:39,743 - INFO 
O0 - 2022-08-04 17:28:39,743 - INFO 
O1 - 2022-08-04 17:28:39,743 - INFO 
Status - 2022-08-04 17:28:40,746 - INFO 
I0 - 2022-08-04 17:28:40,746 - INFO 
I1 - 2022-08-04 17:28:40,746 - INFO 
O0 - 2022-08-04 17:28:40,746 - INFO 
O1 - 2022-08-04 17:28:40,746 - INFO 
Status - 2022-08-04 17:28:41,759 - INFO 
I0 - 2022-08-04 17:28:41,760 - INFO 
I1 - 2022-08-04 17:28:41,760 - INFO 
O0 - 2022-08-04 17:28:41,760 - INFO 
O1 - 2022-08-04 17:28:41,760 - INFO 
Status - 2022-08-04 17:28:42,772 - INFO 
I0 - 2022-08-04 17:28:42,772 - INFO 
I1 - 2022-08-04 17:28:42,773 - INFO 
O0 - 2022-08-04 17:28:42,773 - INFO 
O1 - 2022-08-04 17:28:42,773 - INFO 
Status - 2022-08-04 17:28:43,787 - INFO 
I0 - 2022-08-04 17:28:43,787 - INFO 
I1 - 2022-08-04 17:28:43,787 - INFO 
O0 - 2022-08-04 17:28:43,787 - INFO 
O1 - 2022-08-04 17:28:43,788 - INFO 
Status - 2022-08-04 17:28:44,799 - INFO 
I0 - 2022-08-04 17:28:44,799 - INFO 
I1 - 2022-08-04 17:28:44,799 - INFO 
O0 - 2022-08-04 17:28:44,799 - INFO 
O1 - 2022-08-04 17:28:44,799 - INFO 
Status - 2022-08-04 17:28:45,806 - INFO 
I0 - 2022-08-04 17:28:45,806 - INFO 
I1 - 2022-08-04 17:28:45,806 - INFO 
O0 - 2022-08-04 17:28:45,806 - INFO 
O1 - 2022-08-04 17:28:45,806 - INFO 
Status - 2022-08-04 17:28:46,813 - INFO 
I0 - 2022-08-04 17:28:46,813 - INFO 
I1 - 2022-08-04 17:28:46,813 - INFO 
O0 - 2022-08-04 17:28:46,813 - INFO 
O1 - 2022-08-04 17:28:46,813 - INFO 
Status - 2022-08-04 17:28:47,822 - INFO 
I0 - 2022-08-04 17:28:47,822 - INFO 
I1 - 2022-08-04 17:28:47,822 - INFO 
O0 - 2022-08-04 17:28:47,822 - INFO 
O1 - 2022-08-04 17:28:47,822 - INFO 
Status - 2022-08-04 17:28:48,834 - INFO 
I0 - 2022-08-04 17:28:48,834 - INFO 
I1 - 2022-08-04 17:28:48,834 - INFO 
O0 - 2022-08-04 17:28:48,834 - INFO 
O1 - 2022-08-04 17:28:48,835 - INFO 
Status - 2022-08-04 17:28:49,841 - INFO 
I0 - 2022-08-04 17:28:49,842 - INFO 
I1 - 2022-08-04 17:28:49,842 - INFO 
O0 - 2022-08-04 17:28:49,842 - INFO 
O1 - 2022-08-04 17:28:49,842 - INFO 
Status - 2022-08-04 17:28:50,854 - INFO 
I0 - 2022-08-04 17:28:50,854 - INFO 
I1 - 2022-08-04 17:28:50,854 - INFO 
O0 - 2022-08-04 17:28:50,854 - INFO 
O1 - 2022-08-04 17:28:50,855 - INFO 
Status - 2022-08-04 17:28:51,856 - INFO 
I0 - 2022-08-04 17:28:51,856 - INFO 
I1 - 2022-08-04 17:28:51,856 - INFO 
O0 - 2022-08-04 17:28:51,857 - INFO 
O1 - 2022-08-04 17:28:51,857 - INFO 
Status - 2022-08-04 17:28:52,857 - INFO 
I0 - 2022-08-04 17:28:52,857 - INFO 
I1 - 2022-08-04 17:28:52,858 - INFO 
O0 - 2022-08-04 17:28:52,858 - INFO 
O1 - 2022-08-04 17:28:52,858 - INFO 
Status - 2022-08-04 17:28:53,870 - INFO 
I0 - 2022-08-04 17:28:53,870 - INFO 
I1 - 2022-08-04 17:28:53,871 - INFO 
O0 - 2022-08-04 17:28:53,871 - INFO 
O1 - 2022-08-04 17:28:53,871 - INFO 
Status - 2022-08-04 17:28:54,872 - INFO 
I0 - 2022-08-04 17:28:54,872 - INFO 
I1 - 2022-08-04 17:28:54,872 - INFO 
O0 - 2022-08-04 17:28:54,872 - INFO 
O1 - 2022-08-04 17:28:54,872 - INFO 
Status - 2022-08-04 17:28:55,887 - INFO 
I0 - 2022-08-04 17:28:55,887 - INFO 
I1 - 2022-08-04 17:28:55,887 - INFO 
O0 - 2022-08-04 17:28:55,887 - INFO 
O1 - 2022-08-04 17:28:55,887 - INFO 
Status - 2022-08-04 17:28:56,891 - INFO 
I0 - 2022-08-04 17:28:56,891 - INFO 
I1 - 2022-08-04 17:28:56,891 - INFO 
O0 - 2022-08-04 17:28:56,891 - INFO 
O1 - 2022-08-04 17:28:56,891 - INFO 
Status - 2022-08-04 17:28:57,893 - INFO 
I0 - 2022-08-04 17:28:57,893 - INFO 
I1 - 2022-08-04 17:28:57,893 - INFO 
O0 - 2022-08-04 17:28:57,893 - INFO 
O1 - 2022-08-04 17:28:57,893 - INFO 
Status - 2022-08-04 17:28:58,904 - INFO 
I0 - 2022-08-04 17:28:58,904 - INFO 
I1 - 2022-08-04 17:28:58,904 - INFO 
O0 - 2022-08-04 17:28:58,904 - INFO 
O1 - 2022-08-04 17:28:58,904 - INFO 
Status - 2022-08-04 17:28:59,908 - INFO 
I0 - 2022-08-04 17:28:59,908 - INFO 
I1 - 2022-08-04 17:28:59,908 - INFO 
O0 - 2022-08-04 17:28:59,908 - INFO 
O1 - 2022-08-04 17:28:59,908 - INFO 
Status - 2022-08-04 17:29:00,919 - INFO 
I0 - 2022-08-04 17:29:00,919 - INFO 
I1 - 2022-08-04 17:29:00,919 - INFO 
O0 - 2022-08-04 17:29:00,919 - INFO 
O1 - 2022-08-04 17:29:00,920 - INFO 
Status - 2022-08-04 17:29:01,934 - INFO 
I0 - 2022-08-04 17:29:01,934 - INFO 
I1 - 2022-08-04 17:29:01,934 - INFO 
O0 - 2022-08-04 17:29:01,934 - INFO 
O1 - 2022-08-04 17:29:01,935 - INFO 
Status - 2022-08-04 17:29:02,950 - INFO 
I0 - 2022-08-04 17:29:02,950 - INFO 
I1 - 2022-08-04 17:29:02,950 - INFO 
O0 - 2022-08-04 17:29:02,951 - INFO 
O1 - 2022-08-04 17:29:02,951 - INFO 
Status - 2022-08-04 17:29:03,952 - INFO 
I0 - 2022-08-04 17:29:03,952 - INFO 
I1 - 2022-08-04 17:29:03,952 - INFO 
O0 - 2022-08-04 17:29:03,952 - INFO 
O1 - 2022-08-04 17:29:03,952 - INFO 
Status - 2022-08-04 17:29:04,966 - INFO 
I0 - 2022-08-04 17:29:04,966 - INFO 
I1 - 2022-08-04 17:29:04,966 - INFO 
O0 - 2022-08-04 17:29:04,966 - INFO 
O1 - 2022-08-04 17:29:04,966 - INFO 
Status - 2022-08-04 17:29:05,966 - INFO 
I0 - 2022-08-04 17:29:05,966 - INFO 
I1 - 2022-08-04 17:29:05,966 - INFO 
O0 - 2022-08-04 17:29:05,967 - INFO 
O1 - 2022-08-04 17:29:05,967 - INFO 
Status - 2022-08-04 17:29:06,978 - INFO 
I0 - 2022-08-04 17:29:06,978 - INFO 
I1 - 2022-08-04 17:29:06,978 - INFO 
O0 - 2022-08-04 17:29:06,978 - INFO 
O1 - 2022-08-04 17:29:06,978 - INFO 
Status - 2022-08-04 17:29:07,993 - INFO 
I0 - 2022-08-04 17:29:07,993 - INFO 
I1 - 2022-08-04 17:29:07,993 - INFO 
O0 - 2022-08-04 17:29:07,993 - INFO 
O1 - 2022-08-04 17:29:07,993 - INFO 
Status - 2022-08-04 17:29:08,998 - INFO 
I0 - 2022-08-04 17:29:08,999 - INFO 
I1 - 2022-08-04 17:29:08,999 - INFO 
O0 - 2022-08-04 17:29:08,999 - INFO 
O1 - 2022-08-04 17:29:08,999 - INFO 
Status - 2022-08-04 17:29:10,001 - INFO 
I0 - 2022-08-04 17:29:10,001 - INFO 
I1 - 2022-08-04 17:29:10,001 - INFO 
O0 - 2022-08-04 17:29:10,001 - INFO 
O1 - 2022-08-04 17:29:10,001 - INFO 
Status - 2022-08-04 17:29:11,014 - INFO 
I0 - 2022-08-04 17:29:11,014 - INFO 
I1 - 2022-08-04 17:29:11,014 - INFO 
O0 - 2022-08-04 17:29:11,014 - INFO 
O1 - 2022-08-04 17:29:11,015 - INFO 
Status - 2022-08-04 17:29:12,023 - INFO 
I0 - 2022-08-04 17:29:12,023 - INFO 
I1 - 2022-08-04 17:29:12,024 - INFO 
O0 - 2022-08-04 17:29:12,024 - INFO 
O1 - 2022-08-04 17:29:12,024 - INFO 
Status - 2022-08-04 17:29:13,038 - INFO 
I0 - 2022-08-04 17:29:13,038 - INFO 
I1 - 2022-08-04 17:29:13,038 - INFO 
O0 - 2022-08-04 17:29:13,038 - INFO 
O1 - 2022-08-04 17:29:13,038 - INFO 
Status - 2022-08-04 17:29:14,050 - INFO 
I0 - 2022-08-04 17:29:14,050 - INFO 
I1 - 2022-08-04 17:29:14,050 - INFO 
O0 - 2022-08-04 17:29:14,050 - INFO 
O1 - 2022-08-04 17:29:14,050 - INFO 
Status - 2022-08-04 17:29:15,053 - INFO 
I0 - 2022-08-04 17:29:15,053 - INFO 
I1 - 2022-08-04 17:29:15,053 - INFO 
O0 - 2022-08-04 17:29:15,053 - INFO 
O1 - 2022-08-04 17:29:15,053 - INFO 
Status - 2022-08-04 17:29:16,058 - INFO 
I0 - 2022-08-04 17:29:16,058 - INFO 
I1 - 2022-08-04 17:29:16,058 - INFO 
O0 - 2022-08-04 17:29:16,058 - INFO 
O1 - 2022-08-04 17:29:16,058 - INFO 
Status - 2022-08-04 17:29:17,060 - INFO 
I0 - 2022-08-04 17:29:17,060 - INFO 
I1 - 2022-08-04 17:29:17,060 - INFO 
O0 - 2022-08-04 17:29:17,060 - INFO 
O1 - 2022-08-04 17:29:17,060 - INFO 
Status - 2022-08-04 17:29:18,064 - INFO 
I0 - 2022-08-04 17:29:18,065 - INFO 
I1 - 2022-08-04 17:29:18,065 - INFO 
O0 - 2022-08-04 17:29:18,065 - INFO 
O1 - 2022-08-04 17:29:18,065 - INFO 
Status - 2022-08-04 17:29:19,078 - INFO 
I0 - 2022-08-04 17:29:19,078 - INFO 
I1 - 2022-08-04 17:29:19,078 - INFO 
O0 - 2022-08-04 17:29:19,078 - INFO 
O1 - 2022-08-04 17:29:19,078 - INFO 
Status - 2022-08-04 17:29:20,090 - INFO 
I0 - 2022-08-04 17:29:20,090 - INFO 
I1 - 2022-08-04 17:29:20,090 - INFO 
O0 - 2022-08-04 17:29:20,090 - INFO 
O1 - 2022-08-04 17:29:20,090 - INFO 
Status - 2022-08-04 17:29:21,102 - INFO 
I0 - 2022-08-04 17:29:21,102 - INFO 
I1 - 2022-08-04 17:29:21,102 - INFO 
O0 - 2022-08-04 17:29:21,102 - INFO 
O1 - 2022-08-04 17:29:21,102 - INFO 
Status - 2022-08-04 17:29:22,115 - INFO 
I0 - 2022-08-04 17:29:22,115 - INFO 
I1 - 2022-08-04 17:29:22,115 - INFO 
O0 - 2022-08-04 17:29:22,115 - INFO 
O1 - 2022-08-04 17:29:22,115 - INFO 
Status - 2022-08-04 17:29:23,118 - INFO 
I0 - 2022-08-04 17:29:23,118 - INFO 
I1 - 2022-08-04 17:29:23,118 - INFO 
O0 - 2022-08-04 17:29:23,118 - INFO 
O1 - 2022-08-04 17:29:23,119 - INFO 
Status - 2022-08-04 17:29:24,130 - INFO 
I0 - 2022-08-04 17:29:24,130 - INFO 
I1 - 2022-08-04 17:29:24,130 - INFO 
O0 - 2022-08-04 17:29:24,130 - INFO 
O1 - 2022-08-04 17:29:24,131 - INFO 
Status - 2022-08-04 17:29:25,133 - INFO 
I0 - 2022-08-04 17:29:25,133 - INFO 
I1 - 2022-08-04 17:29:25,133 - INFO 
O0 - 2022-08-04 17:29:25,133 - INFO 
O1 - 2022-08-04 17:29:25,133 - INFO 
Status - 2022-08-04 17:29:26,137 - INFO 
I0 - 2022-08-04 17:29:26,137 - INFO 
I1 - 2022-08-04 17:29:26,137 - INFO 
O0 - 2022-08-04 17:29:26,137 - INFO 
O1 - 2022-08-04 17:29:26,137 - INFO 
Status - 2022-08-04 17:29:27,149 - INFO 
I0 - 2022-08-04 17:29:27,149 - INFO 
I1 - 2022-08-04 17:29:27,149 - INFO 
O0 - 2022-08-04 17:29:27,149 - INFO 
O1 - 2022-08-04 17:29:27,149 - INFO 
Status - 2022-08-04 17:29:28,153 - INFO 
I0 - 2022-08-04 17:29:28,153 - INFO 
I1 - 2022-08-04 17:29:28,153 - INFO 
O0 - 2022-08-04 17:29:28,153 - INFO 
O1 - 2022-08-04 17:29:28,153 - INFO 
Status - 2022-08-04 17:29:29,154 - INFO 
I0 - 2022-08-04 17:29:29,155 - INFO 
I1 - 2022-08-04 17:29:29,155 - INFO 
O0 - 2022-08-04 17:29:29,155 - INFO 
O1 - 2022-08-04 17:29:29,155 - INFO 
Status - 2022-08-04 17:29:30,159 - INFO 
I0 - 2022-08-04 17:29:30,159 - INFO 
I1 - 2022-08-04 17:29:30,160 - INFO 
O0 - 2022-08-04 17:29:30,160 - INFO 
O1 - 2022-08-04 17:29:30,160 - INFO 
Status - 2022-08-04 17:29:31,173 - INFO 
I0 - 2022-08-04 17:29:31,173 - INFO 
I1 - 2022-08-04 17:29:31,173 - INFO 
O0 - 2022-08-04 17:29:31,173 - INFO 
O1 - 2022-08-04 17:29:31,173 - INFO 
Status - 2022-08-04 17:29:32,178 - INFO 
I0 - 2022-08-04 17:29:32,179 - INFO 
I1 - 2022-08-04 17:29:32,179 - INFO 
O0 - 2022-08-04 17:29:32,179 - INFO 
O1 - 2022-08-04 17:29:32,179 - INFO 
Status - 2022-08-04 17:29:33,187 - INFO 
I0 - 2022-08-04 17:29:33,187 - INFO 
I1 - 2022-08-04 17:29:33,187 - INFO 
O0 - 2022-08-04 17:29:33,187 - INFO 
O1 - 2022-08-04 17:29:33,187 - INFO 
Status - 2022-08-04 17:29:34,190 - INFO 
I0 - 2022-08-04 17:29:34,190 - INFO 
I1 - 2022-08-04 17:29:34,190 - INFO 
O0 - 2022-08-04 17:29:34,190 - INFO 
O1 - 2022-08-04 17:29:34,190 - INFO 
Status - 2022-08-04 17:29:35,191 - INFO 
I0 - 2022-08-04 17:29:35,191 - INFO 
I1 - 2022-08-04 17:29:35,191 - INFO 
O0 - 2022-08-04 17:29:35,191 - INFO 
O1 - 2022-08-04 17:29:35,191 - INFO 
Status - 2022-08-04 17:29:36,197 - INFO 
I0 - 2022-08-04 17:29:36,197 - INFO 
I1 - 2022-08-04 17:29:36,197 - INFO 
O0 - 2022-08-04 17:29:36,197 - INFO 
O1 - 2022-08-04 17:29:36,197 - INFO 
Status - 2022-08-04 17:29:37,203 - INFO 
I0 - 2022-08-04 17:29:37,203 - INFO 
I1 - 2022-08-04 17:29:37,203 - INFO 
O0 - 2022-08-04 17:29:37,203 - INFO 
O1 - 2022-08-04 17:29:37,203 - INFO 
Status - 2022-08-04 17:29:38,218 - INFO 
I0 - 2022-08-04 17:29:38,218 - INFO 
I1 - 2022-08-04 17:29:38,218 - INFO 
O0 - 2022-08-04 17:29:38,218 - INFO 
O1 - 2022-08-04 17:29:38,218 - INFO 
Status - 2022-08-04 17:29:39,223 - INFO 
I0 - 2022-08-04 17:29:39,223 - INFO 
I1 - 2022-08-04 17:29:39,223 - INFO 
O0 - 2022-08-04 17:29:39,223 - INFO 
O1 - 2022-08-04 17:29:39,223 - INFO 
Status - 2022-08-04 17:29:40,226 - INFO 
I0 - 2022-08-04 17:29:40,226 - INFO 
I1 - 2022-08-04 17:29:40,226 - INFO 
O0 - 2022-08-04 17:29:40,226 - INFO 
O1 - 2022-08-04 17:29:40,226 - INFO 
Status - 2022-08-04 17:29:41,231 - INFO 
I0 - 2022-08-04 17:29:41,231 - INFO 
I1 - 2022-08-04 17:29:41,231 - INFO 
O0 - 2022-08-04 17:29:41,231 - INFO 
O1 - 2022-08-04 17:29:41,231 - INFO 
Status - 2022-08-04 17:29:42,232 - INFO 
I0 - 2022-08-04 17:29:42,232 - INFO 
I1 - 2022-08-04 17:29:42,232 - INFO 
O0 - 2022-08-04 17:29:42,232 - INFO 
O1 - 2022-08-04 17:29:42,233 - INFO 
Status - 2022-08-04 17:29:43,248 - INFO 
I0 - 2022-08-04 17:29:43,248 - INFO 
I1 - 2022-08-04 17:29:43,248 - INFO 
O0 - 2022-08-04 17:29:43,248 - INFO 
O1 - 2022-08-04 17:29:43,249 - INFO 
Status - 2022-08-04 17:29:44,249 - INFO 
I0 - 2022-08-04 17:29:44,249 - INFO 
I1 - 2022-08-04 17:29:44,249 - INFO 
O0 - 2022-08-04 17:29:44,249 - INFO 
O1 - 2022-08-04 17:29:44,249 - INFO 
Status - 2022-08-04 17:29:45,262 - INFO 
I0 - 2022-08-04 17:29:45,263 - INFO 
I1 - 2022-08-04 17:29:45,263 - INFO 
O0 - 2022-08-04 17:29:45,263 - INFO 
O1 - 2022-08-04 17:29:45,263 - INFO 
Serviço Iniciado - 2022-08-04 18:39:27,449 - INFO 
Status - 2022-08-04 18:39:27,453 - INFO 
I0 - 2022-08-04 18:39:27,453 - INFO 
I1 - 2022-08-04 18:39:27,453 - INFO 
O0 - 2022-08-04 18:39:27,453 - INFO 
O1 - 2022-08-04 18:39:27,453 - INFO 
Status - 2022-08-04 18:39:28,467 - INFO 
I0 - 2022-08-04 18:39:28,468 - INFO 
I1 - 2022-08-04 18:39:28,468 - INFO 
O0 - 2022-08-04 18:39:28,468 - INFO 
O1 - 2022-08-04 18:39:28,468 - INFO 
Status - 2022-08-04 18:39:29,476 - INFO 
I0 - 2022-08-04 18:39:29,476 - INFO 
I1 - 2022-08-04 18:39:29,476 - INFO 
O0 - 2022-08-04 18:39:29,476 - INFO 
O1 - 2022-08-04 18:39:29,477 - INFO 
Serviço Iniciado - 2022-08-09 11:30:23,922 - INFO 
class - 2022-08-09 11:30:23,924 - INFO 
response - 2022-08-09 11:30:23,924 - INFO 
S0 - 2022-08-09 11:30:23,924 - INFO 
S1 - 2022-08-09 11:30:23,924 - INFO 
Rl0 - 2022-08-09 11:30:23,924 - INFO 
Rl1 - 2022-08-09 11:30:23,924 - INFO 
class - 2022-08-09 11:30:24,933 - INFO 
response - 2022-08-09 11:30:24,933 - INFO 
S0 - 2022-08-09 11:30:24,933 - INFO 
S1 - 2022-08-09 11:30:24,933 - INFO 
Rl0 - 2022-08-09 11:30:24,933 - INFO 
Rl1 - 2022-08-09 11:30:24,933 - INFO 
class - 2022-08-09 11:30:25,938 - INFO 
response - 2022-08-09 11:30:25,939 - INFO 
S0 - 2022-08-09 11:30:25,939 - INFO 
S1 - 2022-08-09 11:30:25,939 - INFO 
Rl0 - 2022-08-09 11:30:25,939 - INFO 
Rl1 - 2022-08-09 11:30:25,939 - INFO 
class - 2022-08-09 11:30:26,943 - INFO 
response - 2022-08-09 11:30:26,943 - INFO 
S0 - 2022-08-09 11:30:26,943 - INFO 
S1 - 2022-08-09 11:30:26,943 - INFO 
Rl0 - 2022-08-09 11:30:26,944 - INFO 
Rl1 - 2022-08-09 11:30:26,944 - INFO 
class - 2022-08-09 11:30:27,944 - INFO 
response - 2022-08-09 11:30:27,944 - INFO 
S0 - 2022-08-09 11:30:27,944 - INFO 
S1 - 2022-08-09 11:30:27,944 - INFO 
Rl0 - 2022-08-09 11:30:27,944 - INFO 
Rl1 - 2022-08-09 11:30:27,945 - INFO 
class - 2022-08-09 11:30:28,958 - INFO 
response - 2022-08-09 11:30:28,958 - INFO 
S0 - 2022-08-09 11:30:28,958 - INFO 
S1 - 2022-08-09 11:30:28,958 - INFO 
Rl0 - 2022-08-09 11:30:28,959 - INFO 
Rl1 - 2022-08-09 11:30:28,959 - INFO 
class - 2022-08-09 11:30:29,972 - INFO 
response - 2022-08-09 11:30:29,972 - INFO 
S0 - 2022-08-09 11:30:29,972 - INFO 
S1 - 2022-08-09 11:30:29,972 - INFO 
Rl0 - 2022-08-09 11:30:29,972 - INFO 
Rl1 - 2022-08-09 11:30:29,974 - INFO 
class - 2022-08-09 11:30:30,987 - INFO 
response - 2022-08-09 11:30:30,987 - INFO 
S0 - 2022-08-09 11:30:30,987 - INFO 
S1 - 2022-08-09 11:30:30,988 - INFO 
Rl0 - 2022-08-09 11:30:30,988 - INFO 
Rl1 - 2022-08-09 11:30:30,988 - INFO 
class - 2022-08-09 11:30:32,000 - INFO 
response - 2022-08-09 11:30:32,001 - INFO 
S0 - 2022-08-09 11:30:32,001 - INFO 
S1 - 2022-08-09 11:30:32,001 - INFO 
Rl0 - 2022-08-09 11:30:32,001 - INFO 
Rl1 - 2022-08-09 11:30:32,001 - INFO 
class - 2022-08-09 11:30:33,014 - INFO 
response - 2022-08-09 11:30:33,014 - INFO 
S0 - 2022-08-09 11:30:33,014 - INFO 
S1 - 2022-08-09 11:30:33,014 - INFO 
Rl0 - 2022-08-09 11:30:33,014 - INFO 
Rl1 - 2022-08-09 11:30:33,014 - INFO 
class - 2022-08-09 11:30:34,029 - INFO 
response - 2022-08-09 11:30:34,030 - INFO 
S0 - 2022-08-09 11:30:34,030 - INFO 
S1 - 2022-08-09 11:30:34,030 - INFO 
Rl0 - 2022-08-09 11:30:34,030 - INFO 
Rl1 - 2022-08-09 11:30:34,030 - INFO 
Serviço Iniciado - 2022-08-09 11:30:48,180 - INFO 
class - 2022-08-09 11:30:48,180 - INFO 
response - 2022-08-09 11:30:48,180 - INFO 
S0 - 2022-08-09 11:30:48,180 - INFO 
S1 - 2022-08-09 11:30:48,181 - INFO 
Rl0 - 2022-08-09 11:30:48,181 - INFO 
Rl1 - 2022-08-09 11:30:48,181 - INFO 
class - 2022-08-09 11:30:49,187 - INFO 
response - 2022-08-09 11:30:49,187 - INFO 
S0 - 2022-08-09 11:30:49,187 - INFO 
S1 - 2022-08-09 11:30:49,187 - INFO 
Rl0 - 2022-08-09 11:30:49,187 - INFO 
Rl1 - 2022-08-09 11:30:49,187 - INFO 
class - 2022-08-09 11:30:50,193 - INFO 
response - 2022-08-09 11:30:50,193 - INFO 
S0 - 2022-08-09 11:30:50,194 - INFO 
S1 - 2022-08-09 11:30:50,194 - INFO 
Rl0 - 2022-08-09 11:30:50,194 - INFO 
Rl1 - 2022-08-09 11:30:50,194 - INFO 
class - 2022-08-09 11:30:51,198 - INFO 
response - 2022-08-09 11:30:51,198 - INFO 
S0 - 2022-08-09 11:30:51,198 - INFO 
S1 - 2022-08-09 11:30:51,198 - INFO 
Rl0 - 2022-08-09 11:30:51,199 - INFO 
Rl1 - 2022-08-09 11:30:51,199 - INFO 
class - 2022-08-09 11:30:52,206 - INFO 
response - 2022-08-09 11:30:52,206 - INFO 
S0 - 2022-08-09 11:30:52,206 - INFO 
S1 - 2022-08-09 11:30:52,207 - INFO 
Rl0 - 2022-08-09 11:30:52,207 - INFO 
Rl1 - 2022-08-09 11:30:52,207 - INFO 
class - 2022-08-09 11:30:53,212 - INFO 
response - 2022-08-09 11:30:53,212 - INFO 
S0 - 2022-08-09 11:30:53,212 - INFO 
S1 - 2022-08-09 11:30:53,212 - INFO 
Rl0 - 2022-08-09 11:30:53,212 - INFO 
Rl1 - 2022-08-09 11:30:53,212 - INFO 
class - 2022-08-09 11:30:54,217 - INFO 
response - 2022-08-09 11:30:54,217 - INFO 
S0 - 2022-08-09 11:30:54,218 - INFO 
S1 - 2022-08-09 11:30:54,218 - INFO 
Rl0 - 2022-08-09 11:30:54,218 - INFO 
Rl1 - 2022-08-09 11:30:54,218 - INFO 
class - 2022-08-09 11:30:55,220 - INFO 
response - 2022-08-09 11:30:55,220 - INFO 
S0 - 2022-08-09 11:30:55,220 - INFO 
S1 - 2022-08-09 11:30:55,221 - INFO 
Rl0 - 2022-08-09 11:30:55,221 - INFO 
Rl1 - 2022-08-09 11:30:55,221 - INFO 
class - 2022-08-09 11:30:56,235 - INFO 
response - 2022-08-09 11:30:56,235 - INFO 
S0 - 2022-08-09 11:30:56,235 - INFO 
S1 - 2022-08-09 11:30:56,235 - INFO 
Rl0 - 2022-08-09 11:30:56,235 - INFO 
Rl1 - 2022-08-09 11:30:56,235 - INFO 
class - 2022-08-09 11:30:57,248 - INFO 
response - 2022-08-09 11:30:57,249 - INFO 
S0 - 2022-08-09 11:30:57,249 - INFO 
S1 - 2022-08-09 11:30:57,249 - INFO 
Rl0 - 2022-08-09 11:30:57,249 - INFO 
Rl1 - 2022-08-09 11:30:57,249 - INFO 
class - 2022-08-09 11:30:58,261 - INFO 
response - 2022-08-09 11:30:58,261 - INFO 
S0 - 2022-08-09 11:30:58,262 - INFO 
S1 - 2022-08-09 11:30:58,262 - INFO 
Rl0 - 2022-08-09 11:30:58,262 - INFO 
Rl1 - 2022-08-09 11:30:58,262 - INFO 
class - 2022-08-09 11:30:59,276 - INFO 
response - 2022-08-09 11:30:59,276 - INFO 
S0 - 2022-08-09 11:30:59,277 - INFO 
S1 - 2022-08-09 11:30:59,277 - INFO 
Rl0 - 2022-08-09 11:30:59,277 - INFO 
Rl1 - 2022-08-09 11:30:59,277 - INFO 
class - 2022-08-09 11:31:00,283 - INFO 
response - 2022-08-09 11:31:00,283 - INFO 
S0 - 2022-08-09 11:31:00,283 - INFO 
S1 - 2022-08-09 11:31:00,283 - INFO 
Rl0 - 2022-08-09 11:31:00,283 - INFO 
Rl1 - 2022-08-09 11:31:00,283 - INFO 
class - 2022-08-09 11:31:01,286 - INFO 
response - 2022-08-09 11:31:01,286 - INFO 
S0 - 2022-08-09 11:31:01,286 - INFO 
S1 - 2022-08-09 11:31:01,286 - INFO 
Rl0 - 2022-08-09 11:31:01,286 - INFO 
Rl1 - 2022-08-09 11:31:01,286 - INFO 
class - 2022-08-09 11:31:02,292 - INFO 
response - 2022-08-09 11:31:02,292 - INFO 
S0 - 2022-08-09 11:31:02,292 - INFO 
S1 - 2022-08-09 11:31:02,292 - INFO 
Rl0 - 2022-08-09 11:31:02,293 - INFO 
Rl1 - 2022-08-09 11:31:02,293 - INFO 
class - 2022-08-09 11:31:03,296 - INFO 
response - 2022-08-09 11:31:03,296 - INFO 
S0 - 2022-08-09 11:31:03,297 - INFO 
S1 - 2022-08-09 11:31:03,297 - INFO 
Rl0 - 2022-08-09 11:31:03,297 - INFO 
Rl1 - 2022-08-09 11:31:03,297 - INFO 
class - 2022-08-09 11:31:04,309 - INFO 
response - 2022-08-09 11:31:04,309 - INFO 
S0 - 2022-08-09 11:31:04,309 - INFO 
S1 - 2022-08-09 11:31:04,309 - INFO 
Rl0 - 2022-08-09 11:31:04,309 - INFO 
Rl1 - 2022-08-09 11:31:04,310 - INFO 
class - 2022-08-09 11:31:05,315 - INFO 
response - 2022-08-09 11:31:05,315 - INFO 
S0 - 2022-08-09 11:31:05,315 - INFO 
S1 - 2022-08-09 11:31:05,315 - INFO 
Rl0 - 2022-08-09 11:31:05,315 - INFO 
Rl1 - 2022-08-09 11:31:05,315 - INFO 
class - 2022-08-09 11:31:06,331 - INFO 
response - 2022-08-09 11:31:06,331 - INFO 
S0 - 2022-08-09 11:31:06,331 - INFO 
S1 - 2022-08-09 11:31:06,331 - INFO 
Rl0 - 2022-08-09 11:31:06,331 - INFO 
Rl1 - 2022-08-09 11:31:06,331 - INFO 
class - 2022-08-09 11:31:07,344 - INFO 
response - 2022-08-09 11:31:07,344 - INFO 
S0 - 2022-08-09 11:31:07,344 - INFO 
S1 - 2022-08-09 11:31:07,344 - INFO 
Rl0 - 2022-08-09 11:31:07,345 - INFO 
Rl1 - 2022-08-09 11:31:07,345 - INFO 
class - 2022-08-09 11:31:08,357 - INFO 
response - 2022-08-09 11:31:08,357 - INFO 
S0 - 2022-08-09 11:31:08,357 - INFO 
S1 - 2022-08-09 11:31:08,357 - INFO 
Rl0 - 2022-08-09 11:31:08,358 - INFO 
Rl1 - 2022-08-09 11:31:08,358 - INFO 
class - 2022-08-09 11:31:09,364 - INFO 
response - 2022-08-09 11:31:09,364 - INFO 
S0 - 2022-08-09 11:31:09,364 - INFO 
S1 - 2022-08-09 11:31:09,364 - INFO 
Rl0 - 2022-08-09 11:31:09,364 - INFO 
Rl1 - 2022-08-09 11:31:09,365 - INFO 
class - 2022-08-09 11:31:10,373 - INFO 
response - 2022-08-09 11:31:10,373 - INFO 
S0 - 2022-08-09 11:31:10,373 - INFO 
S1 - 2022-08-09 11:31:10,373 - INFO 
Rl0 - 2022-08-09 11:31:10,373 - INFO 
Rl1 - 2022-08-09 11:31:10,373 - INFO 
class - 2022-08-09 11:31:11,381 - INFO 
response - 2022-08-09 11:31:11,381 - INFO 
S0 - 2022-08-09 11:31:11,381 - INFO 
S1 - 2022-08-09 11:31:11,381 - INFO 
Rl0 - 2022-08-09 11:31:11,381 - INFO 
Rl1 - 2022-08-09 11:31:11,381 - INFO 
class - 2022-08-09 11:31:12,387 - INFO 
response - 2022-08-09 11:31:12,387 - INFO 
S0 - 2022-08-09 11:31:12,387 - INFO 
S1 - 2022-08-09 11:31:12,388 - INFO 
Rl0 - 2022-08-09 11:31:12,388 - INFO 
Rl1 - 2022-08-09 11:31:12,388 - INFO 
class - 2022-08-09 11:31:13,394 - INFO 
response - 2022-08-09 11:31:13,394 - INFO 
S0 - 2022-08-09 11:31:13,394 - INFO 
S1 - 2022-08-09 11:31:13,394 - INFO 
Rl0 - 2022-08-09 11:31:13,394 - INFO 
Rl1 - 2022-08-09 11:31:13,394 - INFO 
class - 2022-08-09 11:31:14,407 - INFO 
response - 2022-08-09 11:31:14,407 - INFO 
S0 - 2022-08-09 11:31:14,407 - INFO 
S1 - 2022-08-09 11:31:14,407 - INFO 
Rl0 - 2022-08-09 11:31:14,407 - INFO 
Rl1 - 2022-08-09 11:31:14,407 - INFO 
class - 2022-08-09 11:31:15,418 - INFO 
response - 2022-08-09 11:31:15,418 - INFO 
S0 - 2022-08-09 11:31:15,418 - INFO 
S1 - 2022-08-09 11:31:15,418 - INFO 
Rl0 - 2022-08-09 11:31:15,418 - INFO 
Rl1 - 2022-08-09 11:31:15,418 - INFO 
class - 2022-08-09 11:31:16,422 - INFO 
response - 2022-08-09 11:31:16,423 - INFO 
S0 - 2022-08-09 11:31:16,423 - INFO 
S1 - 2022-08-09 11:31:16,423 - INFO 
Rl0 - 2022-08-09 11:31:16,423 - INFO 
Rl1 - 2022-08-09 11:31:16,423 - INFO 
